Archive member included to satisfy reference by file (symbol)

/home/bon/Documents/mock-team-black/msdk/Libraries/PeriphDrivers/bin/MAX78000/softfp/libPeriphDriver_softfp.a(mxc_delay.o)
                              /home/bon/Documents/mock-team-black/application_processor/build/main.o (MXC_Delay)
/home/bon/Documents/mock-team-black/msdk/Libraries/PeriphDrivers/bin/MAX78000/softfp/libPeriphDriver_softfp.a(nvic_table.o)
                              /home/bon/Documents/mock-team-black/application_processor/build/camera.o (MXC_NVIC_SetVector)
/home/bon/Documents/mock-team-black/msdk/Libraries/PeriphDrivers/bin/MAX78000/softfp/libPeriphDriver_softfp.a(pins_ai85.o)
                              /home/bon/Documents/mock-team-black/application_processor/build/camera.o (gpio_cfg_pcif_xclk)
/home/bon/Documents/mock-team-black/msdk/Libraries/PeriphDrivers/bin/MAX78000/softfp/libPeriphDriver_softfp.a(sys_ai85.o)
                              /home/bon/Documents/mock-team-black/application_processor/build/board.o (MXC_SYS_ClockEnable)
/home/bon/Documents/mock-team-black/msdk/Libraries/PeriphDrivers/bin/MAX78000/softfp/libPeriphDriver_softfp.a(aes_me17.o)
                              /home/bon/Documents/mock-team-black/msdk/Libraries/PeriphDrivers/bin/MAX78000/softfp/libPeriphDriver_softfp.a(sys_ai85.o) (MXC_AES_Init)
/home/bon/Documents/mock-team-black/msdk/Libraries/PeriphDrivers/bin/MAX78000/softfp/libPeriphDriver_softfp.a(aes_revb.o)
                              /home/bon/Documents/mock-team-black/msdk/Libraries/PeriphDrivers/bin/MAX78000/softfp/libPeriphDriver_softfp.a(aes_me17.o) (MXC_AES_RevB_Init)
/home/bon/Documents/mock-team-black/msdk/Libraries/PeriphDrivers/bin/MAX78000/softfp/libPeriphDriver_softfp.a(cameraif_ai85.o)
                              /home/bon/Documents/mock-team-black/application_processor/build/camera.o (MXC_PCIF_Init)
/home/bon/Documents/mock-team-black/msdk/Libraries/PeriphDrivers/bin/MAX78000/softfp/libPeriphDriver_softfp.a(cameraif_reva.o)
                              /home/bon/Documents/mock-team-black/msdk/Libraries/PeriphDrivers/bin/MAX78000/softfp/libPeriphDriver_softfp.a(cameraif_ai85.o) (MXC_PCIF_RevA_SetDatawidth)
/home/bon/Documents/mock-team-black/msdk/Libraries/PeriphDrivers/bin/MAX78000/softfp/libPeriphDriver_softfp.a(dma_me17.o)
                              /home/bon/Documents/mock-team-black/msdk/Libraries/PeriphDrivers/bin/MAX78000/softfp/libPeriphDriver_softfp.a(aes_revb.o) (MXC_DMA_Init)
/home/bon/Documents/mock-team-black/msdk/Libraries/PeriphDrivers/bin/MAX78000/softfp/libPeriphDriver_softfp.a(dma_reva.o)
                              /home/bon/Documents/mock-team-black/msdk/Libraries/PeriphDrivers/bin/MAX78000/softfp/libPeriphDriver_softfp.a(dma_me17.o) (MXC_DMA_RevA_Init)
/home/bon/Documents/mock-team-black/msdk/Libraries/PeriphDrivers/bin/MAX78000/softfp/libPeriphDriver_softfp.a(flc_me17.o)
                              /home/bon/Documents/mock-team-black/msdk/Libraries/PeriphDrivers/bin/MAX78000/softfp/libPeriphDriver_softfp.a(sys_ai85.o) (MXC_FLC_UnlockInfoBlock)
/home/bon/Documents/mock-team-black/msdk/Libraries/PeriphDrivers/bin/MAX78000/softfp/libPeriphDriver_softfp.a(flc_reva.o)
                              /home/bon/Documents/mock-team-black/msdk/Libraries/PeriphDrivers/bin/MAX78000/softfp/libPeriphDriver_softfp.a(flc_me17.o) (MXC_FLC_RevA_Busy)
/home/bon/Documents/mock-team-black/msdk/Libraries/PeriphDrivers/bin/MAX78000/softfp/libPeriphDriver_softfp.a(gpio_ai85.o)
                              /home/bon/Documents/mock-team-black/application_processor/build/led.o (MXC_GPIO_Config)
/home/bon/Documents/mock-team-black/msdk/Libraries/PeriphDrivers/bin/MAX78000/softfp/libPeriphDriver_softfp.a(gpio_reva.o)
                              /home/bon/Documents/mock-team-black/msdk/Libraries/PeriphDrivers/bin/MAX78000/softfp/libPeriphDriver_softfp.a(gpio_ai85.o) (MXC_GPIO_RevA_InGet)
/home/bon/Documents/mock-team-black/msdk/Libraries/PeriphDrivers/bin/MAX78000/softfp/libPeriphDriver_softfp.a(i2c_me17.o)
                              /home/bon/Documents/mock-team-black/application_processor/build/main.o (MXC_I2C_Init)
/home/bon/Documents/mock-team-black/msdk/Libraries/PeriphDrivers/bin/MAX78000/softfp/libPeriphDriver_softfp.a(i2c_reva.o)
                              /home/bon/Documents/mock-team-black/msdk/Libraries/PeriphDrivers/bin/MAX78000/softfp/libPeriphDriver_softfp.a(i2c_me17.o) (MXC_I2C_RevA_DMACallback)
/home/bon/Documents/mock-team-black/msdk/Libraries/PeriphDrivers/bin/MAX78000/softfp/libPeriphDriver_softfp.a(icc_me17.o)
                              /home/bon/Documents/mock-team-black/application_processor/build/main.o (MXC_ICC_Enable)
/home/bon/Documents/mock-team-black/msdk/Libraries/PeriphDrivers/bin/MAX78000/softfp/libPeriphDriver_softfp.a(icc_reva.o)
                              /home/bon/Documents/mock-team-black/msdk/Libraries/PeriphDrivers/bin/MAX78000/softfp/libPeriphDriver_softfp.a(icc_me17.o) (MXC_ICC_RevA_ID)
[...]
Memory Configuration

Name             Origin             Length             Attributes
ROM              0x00000000         0x00010000         xr
BOOTLOADER       0x10000000         0x0000e000         xr
FLASH            0x1000e000         0x00038000         xr
RESERVED         0x10046000         0x00038000         rw
ROM_BL_PAGE      0x1007e000         0x00002000         rw
SRAM             0x20000000         0x00020000         xrw
*default*        0x00000000         0xffffffff

Linker script and memory map

LOAD /nix/store/shci5ykbsfws7kcxpqnn2qqxfw761haw-gcc-arm-embedded-12.3.rel1/bin/../lib/gcc/arm-none-eabi/12.3.1/thumb/v7e-m/nofp/crti.o
LOAD /nix/store/shci5ykbsfws7kcxpqnn2qqxfw761haw-gcc-arm-embedded-12.3.rel1/bin/../lib/gcc/arm-none-eabi/12.3.1/thumb/v7e-m/nofp/crtbegin.o
LOAD /nix/store/shci5ykbsfws7kcxpqnn2qqxfw761haw-gcc-arm-embedded-12.3.rel1/bin/../lib/gcc/arm-none-eabi/12.3.1/../../../../arm-none-eabi/lib/thumb/v7e-m/nofp/crt0.o
LOAD /home/bon/Documents/mock-team-black/application_processor/build/i2c_controller.o
LOAD /home/bon/Documents/mock-team-black/application_processor/build/main.o
LOAD /home/bon/Documents/mock-team-black/application_processor/build/board.o
LOAD /home/bon/Documents/mock-team-black/application_processor/build/stdio.o
LOAD /home/bon/Documents/mock-team-black/application_processor/build/led.o
LOAD /home/bon/Documents/mock-team-black/application_processor/build/pb.o
LOAD /home/bon/Documents/mock-team-black/application_processor/build/tft_ili9341.o
LOAD /home/bon/Documents/mock-team-black/application_processor/build/camera.o
LOAD /home/bon/Documents/mock-team-black/application_processor/build/ov7692.o
LOAD /home/bon/Documents/mock-team-black/application_processor/build/sccb.o
LOAD /home/bon/Documents/mock-team-black/application_processor/build/max20303.o
LOAD /home/bon/Documents/mock-team-black/application_processor/build/max9867.o
LOAD /home/bon/Documents/mock-team-black/application_processor/build/startup_firmware.o
LOAD /home/bon/Documents/mock-team-black/application_processor/build/heap.o
LOAD /home/bon/Documents/mock-team-black/application_processor/build/system_max78000.o
START GROUP
LOAD /home/bon/Documents/mock-team-black/msdk/Libraries/PeriphDrivers/bin/MAX78000/softfp/libPeriphDriver_softfp.a
LOAD /nix/store/shci5ykbsfws7kcxpqnn2qqxfw761haw-gcc-arm-embedded-12.3.rel1/bin/../lib/gcc/arm-none-eabi/12.3.1/../../../../arm-none-eabi/lib/thumb/v7e-m/nofp/libc.a
LOAD /nix/store/shci5ykbsfws7kcxpqnn2qqxfw761haw-gcc-arm-embedded-12.3.rel1/bin/../lib/gcc/arm-none-eabi/12.3.1/../../../../arm-none-eabi/lib/thumb/v7e-m/nofp/libm.a
LOAD /nix/store/shci5ykbsfws7kcxpqnn2qqxfw761haw-gcc-arm-embedded-12.3.rel1/bin/../lib/gcc/arm-none-eabi/12.3.1/../../../../arm-none-eabi/lib/thumb/v7e-m/nofp/libnosys.a
END GROUP
START GROUP
LOAD /nix/store/shci5ykbsfws7kcxpqnn2qqxfw761haw-gcc-arm-embedded-12.3.rel1/bin/../lib/gcc/arm-none-eabi/12.3.1/thumb/v7e-m/nofp/libgcc.a
LOAD /nix/store/shci5ykbsfws7kcxpqnn2qqxfw761haw-gcc-arm-embedded-12.3.rel1/bin/../lib/gcc/arm-none-eabi/12.3.1/../../../../arm-none-eabi/lib/thumb/v7e-m/nofp/libc.a
END GROUP
LOAD /nix/store/shci5ykbsfws7kcxpqnn2qqxfw761haw-gcc-arm-embedded-12.3.rel1/bin/../lib/gcc/arm-none-eabi/12.3.1/thumb/v7e-m/nofp/crtend.o
LOAD /nix/store/shci5ykbsfws7kcxpqnn2qqxfw761haw-gcc-arm-embedded-12.3.rel1/bin/../lib/gcc/arm-none-eabi/12.3.1/thumb/v7e-m/nofp/crtn.o

.rom
 *(.rom_vector)
 *(.rom_handlers*)

.text           0x1000e000     0x952c
                0x1000e000                        _text = .
 *(.isr_vector)
 .isr_vector    0x1000e000      0x1e0 /home/bon/Documents/mock-team-black/application_processor/build/startup_firmware.o
                0x1000e000                __isr_vector
 *(.firmware_startup)
 *fill*         0x1000e1e0       0x20 
 .firmware_startup
                0x1000e200        0x8 /home/bon/Documents/mock-team-black/application_processor/build/startup_firmware.o
                0x1000e200                firmware_startup
 *(.text*)
 .text.deregister_tm_clones
                0x1000e208       0x1c /nix/store/shci5ykbsfws7kcxpqnn2qqxfw761haw-gcc-arm-embedded-12.3.rel1/bin/../lib/gcc/arm-none-eabi/12.3.1/thumb/v7e-m/nofp/crtbegin.o
 .text.register_tm_clones
                0x1000e224       0x24 /nix/store/shci5ykbsfws7kcxpqnn2qqxfw761haw-gcc-arm-embedded-12.3.rel1/bin/../lib/gcc/arm-none-eabi/12.3.1/thumb/v7e-m/nofp/crtbegin.o
 .text.__do_global_dtors_aux
                0x1000e248       0x28 /nix/store/shci5ykbsfws7kcxpqnn2qqxfw761haw-gcc-arm-embedded-12.3.rel1/bin/../lib/gcc/arm-none-eabi/12.3.1/thumb/v7e-m/nofp/crtbegin.o
 .text.frame_dummy
                0x1000e270       0x24 /nix/store/shci5ykbsfws7kcxpqnn2qqxfw761haw-gcc-arm-embedded-12.3.rel1/bin/../lib/gcc/arm-none-eabi/12.3.1/thumb/v7e-m/nofp/crtbegin.o
 .text.WriteData
                0x1000e294       0x48 /home/bon/Documents/mock-team-black/application_processor/build/i2c_controller.o
                0x1000e294                WriteData
 .text.startup.main
                0x1000e2dc       0xa0 /home/bon/Documents/mock-team-black/application_processor/build/main.o
                0x1000e2dc                main
 .text.GPIO0_IRQHandler
                0x1000e37c        0x8 /home/bon/Documents/mock-team-black/application_processor/build/board.o
                0x1000e37c                GPIO0_IRQHandler
 .text.GPIO1_IRQHandler
                0x1000e384        0x8 /home/bon/Documents/mock-team-black/application_processor/build/board.o
                0x1000e384                GPIO1_IRQHandler
 .text.Board_Init
                0x1000e38c       0x58 /home/bon/Documents/mock-team-black/application_processor/build/board.o
                0x1000e38c                Board_Init
 .text.NMI_Handler
                0x1000e3e4        0x4 /home/bon/Documents/mock-team-black/application_processor/build/board.o
                0x1000e3e4                NMI_Handler
 .text._close   0x1000e3e8        0x8 /home/bon/Documents/mock-team-black/application_processor/build/stdio.o
                0x1000e3e8                _close
 .text._isatty  0x1000e3f0        0x8 /home/bon/Documents/mock-team-black/application_processor/build/stdio.o
                0x1000e3f0                _isatty
 .text._lseek   0x1000e3f8        0x8 /home/bon/Documents/mock-team-black/application_processor/build/stdio.o
                0x1000e3f8                _lseek
 .text._fstat   0x1000e400        0x8 /home/bon/Documents/mock-team-black/application_processor/build/stdio.o
                0x1000e400                _fstat
 .text._read    0x1000e408       0x50 /home/bon/Documents/mock-team-black/application_processor/build/stdio.o
                0x1000e408                _read
 .text._write   0x1000e458       0x60 /home/bon/Documents/mock-team-black/application_processor/build/stdio.o
                0x1000e458                _write
 .text.LED_Init
                0x1000e4b8       0x40 /home/bon/Documents/mock-team-black/application_processor/build/led.o
                0x1000e4b8                LED_Init
 .text.LED_On   0x1000e4f8       0x18 /home/bon/Documents/mock-team-black/application_processor/build/led.o
                0x1000e4f8                LED_On
 .text.LED_Off  0x1000e510       0x18 /home/bon/Documents/mock-team-black/application_processor/build/led.o
                0x1000e510                LED_Off
 .text.PB_Init  0x1000e528       0x38 /home/bon/Documents/mock-team-black/application_processor/build/pb.o
                0x1000e528                PB_Init
 .text          0x1000e560      0x148 /home/bon/Documents/mock-team-black/application_processor/build/startup_firmware.o
                0x1000e560                Reset_Handler
                0x1000e59e                HardFault_Handler
                0x1000e5a0                MemManage_Handler
                0x1000e5a2                BusFault_Handler
                0x1000e5a4                UsageFault_Handler
                0x1000e5a6                SVC_Handler
                0x1000e5a8                DebugMon_Handler
                0x1000e5aa                PendSV_Handler
                0x1000e5ac                SysTick_Handler
                0x1000e5ae                Default_Handler
                0x1000e5b0                PF_IRQHandler
                0x1000e5b2                WDT0_IRQHandler
                0x1000e5b4                RSV02_IRQHandler
                0x1000e5b6                RTC_IRQHandler
                0x1000e5b8                TRNG_IRQHandler
                0x1000e5ba                TMR0_IRQHandler
                0x1000e5bc                TMR1_IRQHandler
                0x1000e5be                TMR2_IRQHandler
                0x1000e5c0                TMR3_IRQHandler
                0x1000e5c2                TMR4_IRQHandler
                0x1000e5c4                TMR5_IRQHandler
                0x1000e5c6                RSV11_IRQHandler
                0x1000e5c8                RSV12_IRQHandler
                0x1000e5ca                I2C0_IRQHandler
                0x1000e5cc                UART0_IRQHandler
                0x1000e5ce                UART1_IRQHandler
                0x1000e5d0                SPI1_IRQHandler
                0x1000e5d2                RSV17_IRQHandler
                0x1000e5d4                RSV18_IRQHandler
                0x1000e5d6                RSV19_IRQHandler
                0x1000e5d8                ADC_IRQHandler
                0x1000e5da                RSV21_IRQHandler
                0x1000e5dc                RSV22_IRQHandler
                0x1000e5de                FLC0_IRQHandler
                0x1000e5e4                GPIO2_IRQHandler
                0x1000e5e6                RSV27_IRQHandler
                0x1000e5e8                DMA0_IRQHandler
                0x1000e5ea                DMA1_IRQHandler
                0x1000e5ec                DMA2_IRQHandler
                0x1000e5ee                DMA3_IRQHandler
                0x1000e5f0                RSV32_IRQHandler
                0x1000e5f2                RSV33_IRQHandler
                0x1000e5f4                UART2_IRQHandler
                0x1000e5f6                RSV35_IRQHandler
                0x1000e5f8                I2C1_IRQHandler
                0x1000e5fa                RSV37_IRQHandler
                0x1000e5fc                RSV38_IRQHandler
                0x1000e5fe                RSV39_IRQHandler
                0x1000e600                RSV40_IRQHandler
                0x1000e602                RSV41_IRQHandler
                0x1000e604                RSV42_IRQHandler
                0x1000e606                RSV43_IRQHandler
                0x1000e608                RSV44_IRQHandler
                0x1000e60a                RSV45_IRQHandler
                0x1000e60c                RSV46_IRQHandler
                0x1000e60e                RSV47_IRQHandler
                0x1000e610                RSV48_IRQHandler
                0x1000e612                RSV49_IRQHandler
                0x1000e614                RSV50_IRQHandler
                0x1000e616                RSV51_IRQHandler
                0x1000e618                RSV52_IRQHandler
                0x1000e61a                WUT_IRQHandler
                0x1000e61c                GPIOWAKE_IRQHandler
                0x1000e61e                RSV55_IRQHandler
                0x1000e620                SPI0_IRQHandler
                0x1000e622                WDT1_IRQHandler
                0x1000e624                RSV58_IRQHandler
                0x1000e626                PT_IRQHandler
                0x1000e628                RSV60_IRQHandler
                0x1000e62a                RSV61_IRQHandler
                0x1000e62c                I2C2_IRQHandler
                0x1000e62e                RISCV_IRQHandler
                0x1000e630                RSV64_IRQHandler
                0x1000e632                RSV65_IRQHandler
                0x1000e634                RSV66_IRQHandler
                0x1000e636                OWM_IRQHandler
                0x1000e638                RSV68_IRQHandler
                0x1000e63a                RSV69_IRQHandler
                0x1000e63c                RSV70_IRQHandler
                0x1000e63e                RSV71_IRQHandler
                0x1000e640                RSV72_IRQHandler
                0x1000e642                RSV73_IRQHandler
                0x1000e644                RSV74_IRQHandler
                0x1000e646                RSV75_IRQHandler
                0x1000e648                RSV76_IRQHandler
                0x1000e64a                RSV77_IRQHandler
                0x1000e64c                RSV78_IRQHandler
                0x1000e64e                RSV79_IRQHandler
                0x1000e650                RSV80_IRQHandler
                0x1000e652                RSV81_IRQHandler
                0x1000e654                ECC_IRQHandler
                0x1000e656                DVS_IRQHandler
                0x1000e658                SIMO_IRQHandler
                0x1000e65a                RSV85_IRQHandler
                0x1000e65c                RSV86_IRQHandler
                0x1000e65e                RSV87_IRQHandler
                0x1000e660                UART3_IRQHandler
                0x1000e662                RSV89_IRQHandler
                0x1000e664                RSV90_IRQHandler
                0x1000e666                PCIF_IRQHandler
                0x1000e668                RSV92_IRQHandler
                0x1000e66a                RSV93_IRQHandler
                0x1000e66c                RSV94_IRQHandler
                0x1000e66e                RSV95_IRQHandler
                0x1000e670                RSV96_IRQHandler
                0x1000e672                AES_IRQHandler
                0x1000e674                RSV98_IRQHandler
                0x1000e676                I2S_IRQHandler
                0x1000e678                CNN_FIFO_IRQHandler
                0x1000e67a                CNN_IRQHandler
                0x1000e67c                RSV102_IRQHandler
                0x1000e67e                LPCMP_IRQHandler
 .text._sbrk    0x1000e6a8       0x3c /home/bon/Documents/mock-team-black/application_processor/build/heap.o
                0x1000e6a8                _sbrk
 .text.SystemCoreClockUpdate
                0x1000e6e4       0x68 /home/bon/Documents/mock-team-black/application_processor/build/system_max78000.o
                0x1000e6e4                SystemCoreClockUpdate
 .text.PreInit  0x1000e74c        0x4 /home/bon/Documents/mock-team-black/application_processor/build/system_max78000.o
                0x1000e74c                PreInit
 .text.SystemInit
                0x1000e750       0x38 /home/bon/Documents/mock-team-black/application_processor/build/system_max78000.o
                0x1000e750                SystemInit
 .text.MXC_DelayInit
                0x1000e788       0x7c /home/bon/Documents/mock-team-black/msdk/Libraries/PeriphDrivers/bin/MAX78000/softfp/libPeriphDriver_softfp.a(mxc_delay.o)
 .text.MXC_DelayAsync
                0x1000e804       0x3c /home/bon/Documents/mock-team-black/msdk/Libraries/PeriphDrivers/bin/MAX78000/softfp/libPeriphDriver_softfp.a(mxc_delay.o)
                0x1000e804                MXC_DelayAsync
 .text.MXC_DelayCheck
                0x1000e840       0x70 /home/bon/Documents/mock-team-black/msdk/Libraries/PeriphDrivers/bin/MAX78000/softfp/libPeriphDriver_softfp.a(mxc_delay.o)
                0x1000e840                MXC_DelayCheck
 .text.MXC_DelayAbort
                0x1000e8b0       0x34 /home/bon/Documents/mock-team-black/msdk/Libraries/PeriphDrivers/bin/MAX78000/softfp/libPeriphDriver_softfp.a(mxc_delay.o)
                0x1000e8b0                MXC_DelayAbort
 .text.MXC_Delay
                0x1000e8e4       0x74 /home/bon/Documents/mock-team-black/msdk/Libraries/PeriphDrivers/bin/MAX78000/softfp/libPeriphDriver_softfp.a(mxc_delay.o)
                0x1000e8e4                MXC_Delay
 .text.MXC_SYS_ClockDisable
                0x1000e958       0x40 /home/bon/Documents/mock-team-black/msdk/Libraries/PeriphDrivers/bin/MAX78000/softfp/libPeriphDriver_softfp.a(sys_ai85.o)
                0x1000e958                MXC_SYS_ClockDisable
 .text.MXC_SYS_ClockEnable
                0x1000e998       0x44 /home/bon/Documents/mock-team-black/msdk/Libraries/PeriphDrivers/bin/MAX78000/softfp/libPeriphDriver_softfp.a(sys_ai85.o)
                0x1000e998                MXC_SYS_ClockEnable
 .text.MXC_SYS_ClockSourceEnable
                0x1000e9dc       0xf4 /home/bon/Documents/mock-team-black/msdk/Libraries/PeriphDrivers/bin/MAX78000/softfp/libPeriphDriver_softfp.a(sys_ai85.o)
                0x1000e9dc                MXC_SYS_ClockSourceEnable
 .text.MXC_SYS_Clock_Select
                0x1000ead0      0x194 /home/bon/Documents/mock-team-black/msdk/Libraries/PeriphDrivers/bin/MAX78000/softfp/libPeriphDriver_softfp.a(sys_ai85.o)
                0x1000ead0                MXC_SYS_Clock_Select
 .text.MXC_SYS_Reset_Periph
                0x1000ec64       0x48 /home/bon/Documents/mock-team-black/msdk/Libraries/PeriphDrivers/bin/MAX78000/softfp/libPeriphDriver_softfp.a(sys_ai85.o)
                0x1000ec64                MXC_SYS_Reset_Periph
 .text.MXC_GPIO_Init
                0x1000ecac       0x40 /home/bon/Documents/mock-team-black/msdk/Libraries/PeriphDrivers/bin/MAX78000/softfp/libPeriphDriver_softfp.a(gpio_ai85.o)
                0x1000ecac                MXC_GPIO_Init
 .text.MXC_GPIO_Config
                0x1000ecec      0x20c /home/bon/Documents/mock-team-black/msdk/Libraries/PeriphDrivers/bin/MAX78000/softfp/libPeriphDriver_softfp.a(gpio_ai85.o)
                0x1000ecec                MXC_GPIO_Config
 .text.MXC_GPIO_OutSet
                0x1000eef8       0x2c /home/bon/Documents/mock-team-black/msdk/Libraries/PeriphDrivers/bin/MAX78000/softfp/libPeriphDriver_softfp.a(gpio_ai85.o)
                0x1000eef8                MXC_GPIO_OutSet
 .text.MXC_GPIO_OutClr
                0x1000ef24       0x30 /home/bon/Documents/mock-team-black/msdk/Libraries/PeriphDrivers/bin/MAX78000/softfp/libPeriphDriver_softfp.a(gpio_ai85.o)
                0x1000ef24                MXC_GPIO_OutClr
 .text.MXC_GPIO_Handler
                0x1000ef54        0x4 /home/bon/Documents/mock-team-black/msdk/Libraries/PeriphDrivers/bin/MAX78000/softfp/libPeriphDriver_softfp.a(gpio_ai85.o)
                0x1000ef54                MXC_GPIO_Handler
 .text.MXC_GPIO_ClearFlags
                0x1000ef58       0x18 /home/bon/Documents/mock-team-black/msdk/Libraries/PeriphDrivers/bin/MAX78000/softfp/libPeriphDriver_softfp.a(gpio_ai85.o)
                0x1000ef58                MXC_GPIO_ClearFlags
 .text.MXC_GPIO_GetFlags
                0x1000ef70       0x18 /home/bon/Documents/mock-team-black/msdk/Libraries/PeriphDrivers/bin/MAX78000/softfp/libPeriphDriver_softfp.a(gpio_ai85.o)
                0x1000ef70                MXC_GPIO_GetFlags
 .text.MXC_GPIO_RevA_OutSet
                0x1000ef88        0x4 /home/bon/Documents/mock-team-black/msdk/Libraries/PeriphDrivers/bin/MAX78000/softfp/libPeriphDriver_softfp.a(gpio_reva.o)
                0x1000ef88                MXC_GPIO_RevA_OutSet
 .text.MXC_GPIO_RevA_OutClr
                0x1000ef8c        0x4 /home/bon/Documents/mock-team-black/msdk/Libraries/PeriphDrivers/bin/MAX78000/softfp/libPeriphDriver_softfp.a(gpio_reva.o)
                0x1000ef8c                MXC_GPIO_RevA_OutClr
 .text.MXC_GPIO_RevA_ClearFlags
                0x1000ef90        0x4 /home/bon/Documents/mock-team-black/msdk/Libraries/PeriphDrivers/bin/MAX78000/softfp/libPeriphDriver_softfp.a(gpio_reva.o)
                0x1000ef90                MXC_GPIO_RevA_ClearFlags
 .text.MXC_GPIO_RevA_GetFlags
                0x1000ef94        0x4 /home/bon/Documents/mock-team-black/msdk/Libraries/PeriphDrivers/bin/MAX78000/softfp/libPeriphDriver_softfp.a(gpio_reva.o)
                0x1000ef94                MXC_GPIO_RevA_GetFlags
 .text.MXC_GPIO_RevA_SetVSSEL
                0x1000ef98       0x2c /home/bon/Documents/mock-team-black/msdk/Libraries/PeriphDrivers/bin/MAX78000/softfp/libPeriphDriver_softfp.a(gpio_reva.o)
                0x1000ef98                MXC_GPIO_RevA_SetVSSEL
 .text.MXC_GPIO_RevA_SetAF
                0x1000efc4       0x6c /home/bon/Documents/mock-team-black/msdk/Libraries/PeriphDrivers/bin/MAX78000/softfp/libPeriphDriver_softfp.a(gpio_reva.o)
                0x1000efc4                MXC_GPIO_RevA_SetAF
 .text.MXC_I2C_SetSlaveAddr
                0x1000f030        0x4 /home/bon/Documents/mock-team-black/msdk/Libraries/PeriphDrivers/bin/MAX78000/softfp/libPeriphDriver_softfp.a(i2c_me17.o)
                0x1000f030                MXC_I2C_SetSlaveAddr
 .text.MXC_I2C_Shutdown
                0x1000f034       0x54 /home/bon/Documents/mock-team-black/msdk/Libraries/PeriphDrivers/bin/MAX78000/softfp/libPeriphDriver_softfp.a(i2c_me17.o)
                0x1000f034                MXC_I2C_Shutdown
 .text.MXC_I2C_Init
                0x1000f088       0x94 /home/bon/Documents/mock-team-black/msdk/Libraries/PeriphDrivers/bin/MAX78000/softfp/libPeriphDriver_softfp.a(i2c_me17.o)
                0x1000f088                MXC_I2C_Init
 .text.MXC_I2C_SetFrequency
                0x1000f11c        0x4 /home/bon/Documents/mock-team-black/msdk/Libraries/PeriphDrivers/bin/MAX78000/softfp/libPeriphDriver_softfp.a(i2c_me17.o)
                0x1000f11c                MXC_I2C_SetFrequency
 .text.MXC_I2C_GetFrequency
                0x1000f120        0x4 /home/bon/Documents/mock-team-black/msdk/Libraries/PeriphDrivers/bin/MAX78000/softfp/libPeriphDriver_softfp.a(i2c_me17.o)
                0x1000f120                MXC_I2C_GetFrequency
 .text.MXC_I2C_Start
                0x1000f124        0x4 /home/bon/Documents/mock-team-black/msdk/Libraries/PeriphDrivers/bin/MAX78000/softfp/libPeriphDriver_softfp.a(i2c_me17.o)
                0x1000f124                MXC_I2C_Start
 .text.MXC_I2C_Stop
                0x1000f128        0x4 /home/bon/Documents/mock-team-black/msdk/Libraries/PeriphDrivers/bin/MAX78000/softfp/libPeriphDriver_softfp.a(i2c_me17.o)
                0x1000f128                MXC_I2C_Stop
 .text.MXC_I2C_ReadRXFIFO
                0x1000f12c        0x4 /home/bon/Documents/mock-team-black/msdk/Libraries/PeriphDrivers/bin/MAX78000/softfp/libPeriphDriver_softfp.a(i2c_me17.o)
                0x1000f12c                MXC_I2C_ReadRXFIFO
 .text.MXC_I2C_WriteTXFIFO
                0x1000f130        0x4 /home/bon/Documents/mock-team-black/msdk/Libraries/PeriphDrivers/bin/MAX78000/softfp/libPeriphDriver_softfp.a(i2c_me17.o)
                0x1000f130                MXC_I2C_WriteTXFIFO
 .text.MXC_I2C_ClearRXFIFO
                0x1000f134        0x4 /home/bon/Documents/mock-team-black/msdk/Libraries/PeriphDrivers/bin/MAX78000/softfp/libPeriphDriver_softfp.a(i2c_me17.o)
                0x1000f134                MXC_I2C_ClearRXFIFO
 .text.MXC_I2C_ClearTXFIFO
                0x1000f138        0x4 /home/bon/Documents/mock-team-black/msdk/Libraries/PeriphDrivers/bin/MAX78000/softfp/libPeriphDriver_softfp.a(i2c_me17.o)
                0x1000f138                MXC_I2C_ClearTXFIFO
 .text.MXC_I2C_ClearFlags
                0x1000f13c        0x4 /home/bon/Documents/mock-team-black/msdk/Libraries/PeriphDrivers/bin/MAX78000/softfp/libPeriphDriver_softfp.a(i2c_me17.o)
                0x1000f13c                MXC_I2C_ClearFlags
 .text.MXC_I2C_SetTimeout
                0x1000f140        0x4 /home/bon/Documents/mock-team-black/msdk/Libraries/PeriphDrivers/bin/MAX78000/softfp/libPeriphDriver_softfp.a(i2c_me17.o)
                0x1000f140                MXC_I2C_SetTimeout
 .text.MXC_I2C_Recover
                0x1000f144        0x4 /home/bon/Documents/mock-team-black/msdk/Libraries/PeriphDrivers/bin/MAX78000/softfp/libPeriphDriver_softfp.a(i2c_me17.o)
                0x1000f144                MXC_I2C_Recover
 .text.MXC_I2C_MasterTransaction
                0x1000f148        0x4 /home/bon/Documents/mock-team-black/msdk/Libraries/PeriphDrivers/bin/MAX78000/softfp/libPeriphDriver_softfp.a(i2c_me17.o)
                0x1000f148                MXC_I2C_MasterTransaction
 .text.MXC_I2C_SetRXThreshold
                0x1000f14c        0x4 /home/bon/Documents/mock-team-black/msdk/Libraries/PeriphDrivers/bin/MAX78000/softfp/libPeriphDriver_softfp.a(i2c_me17.o)
                0x1000f14c                MXC_I2C_SetRXThreshold
 .text.MXC_I2C_SetTXThreshold
                0x1000f150        0x4 /home/bon/Documents/mock-team-black/msdk/Libraries/PeriphDrivers/bin/MAX78000/softfp/libPeriphDriver_softfp.a(i2c_me17.o)
                0x1000f150                MXC_I2C_SetTXThreshold
 .text.MXC_I2C_RevA_Init
                0x1000f154       0xcc /home/bon/Documents/mock-team-black/msdk/Libraries/PeriphDrivers/bin/MAX78000/softfp/libPeriphDriver_softfp.a(i2c_reva.o)
                0x1000f154                MXC_I2C_RevA_Init
 .text.MXC_I2C_RevA_SetSlaveAddr
                0x1000f220       0x34 /home/bon/Documents/mock-team-black/msdk/Libraries/PeriphDrivers/bin/MAX78000/softfp/libPeriphDriver_softfp.a(i2c_reva.o)
                0x1000f220                MXC_I2C_RevA_SetSlaveAddr
 .text.MXC_I2C_RevA_SetFrequency
                0x1000f254       0xa0 /home/bon/Documents/mock-team-black/msdk/Libraries/PeriphDrivers/bin/MAX78000/softfp/libPeriphDriver_softfp.a(i2c_reva.o)
                0x1000f254                MXC_I2C_RevA_SetFrequency
 .text.MXC_I2C_RevA_GetFrequency
                0x1000f2f4       0x20 /home/bon/Documents/mock-team-black/msdk/Libraries/PeriphDrivers/bin/MAX78000/softfp/libPeriphDriver_softfp.a(i2c_reva.o)
                0x1000f2f4                MXC_I2C_RevA_GetFrequency
 .text.MXC_I2C_RevA_Start
                0x1000f314       0x28 /home/bon/Documents/mock-team-black/msdk/Libraries/PeriphDrivers/bin/MAX78000/softfp/libPeriphDriver_softfp.a(i2c_reva.o)
                0x1000f314                MXC_I2C_RevA_Start
 .text.MXC_I2C_RevA_Stop
                0x1000f33c       0x1c /home/bon/Documents/mock-team-black/msdk/Libraries/PeriphDrivers/bin/MAX78000/softfp/libPeriphDriver_softfp.a(i2c_reva.o)
                0x1000f33c                MXC_I2C_RevA_Stop
 .text.MXC_I2C_RevA_ReadRXFIFO
                0x1000f358       0x3c /home/bon/Documents/mock-team-black/msdk/Libraries/PeriphDrivers/bin/MAX78000/softfp/libPeriphDriver_softfp.a(i2c_reva.o)
                0x1000f358                MXC_I2C_RevA_ReadRXFIFO
 .text.MXC_I2C_RevA_WriteTXFIFO
                0x1000f394       0x30 /home/bon/Documents/mock-team-black/msdk/Libraries/PeriphDrivers/bin/MAX78000/softfp/libPeriphDriver_softfp.a(i2c_reva.o)
                0x1000f394                MXC_I2C_RevA_WriteTXFIFO
 .text.MXC_I2C_RevA_ClearRXFIFO
                0x1000f3c4       0x10 /home/bon/Documents/mock-team-black/msdk/Libraries/PeriphDrivers/bin/MAX78000/softfp/libPeriphDriver_softfp.a(i2c_reva.o)
                0x1000f3c4                MXC_I2C_RevA_ClearRXFIFO
 .text.MXC_I2C_RevA_ClearTXFIFO
                0x1000f3d4       0x10 /home/bon/Documents/mock-team-black/msdk/Libraries/PeriphDrivers/bin/MAX78000/softfp/libPeriphDriver_softfp.a(i2c_reva.o)
                0x1000f3d4                MXC_I2C_RevA_ClearTXFIFO
 .text.MXC_I2C_RevA_ClearFlags
                0x1000f3e4        0x8 /home/bon/Documents/mock-team-black/msdk/Libraries/PeriphDrivers/bin/MAX78000/softfp/libPeriphDriver_softfp.a(i2c_reva.o)
                0x1000f3e4                MXC_I2C_RevA_ClearFlags
 .text.MXC_I2C_RevA_Recover
                0x1000f3ec       0xd8 /home/bon/Documents/mock-team-black/msdk/Libraries/PeriphDrivers/bin/MAX78000/softfp/libPeriphDriver_softfp.a(i2c_reva.o)
                0x1000f3ec                MXC_I2C_RevA_Recover
 .text.MXC_I2C_RevA_SetTimeout
                0x1000f4c4        0xc /home/bon/Documents/mock-team-black/msdk/Libraries/PeriphDrivers/bin/MAX78000/softfp/libPeriphDriver_softfp.a(i2c_reva.o)
                0x1000f4c4                MXC_I2C_RevA_SetTimeout
 .text.MXC_I2C_RevA_MasterTransaction
                0x1000f4d0      0x1a0 /home/bon/Documents/mock-team-black/msdk/Libraries/PeriphDrivers/bin/MAX78000/softfp/libPeriphDriver_softfp.a(i2c_reva.o)
                0x1000f4d0                MXC_I2C_RevA_MasterTransaction
 .text.MXC_I2C_RevA_SetRXThreshold
                0x1000f670       0x20 /home/bon/Documents/mock-team-black/msdk/Libraries/PeriphDrivers/bin/MAX78000/softfp/libPeriphDriver_softfp.a(i2c_reva.o)
                0x1000f670                MXC_I2C_RevA_SetRXThreshold
 .text.MXC_I2C_RevA_SetTXThreshold
                0x1000f690       0x24 /home/bon/Documents/mock-team-black/msdk/Libraries/PeriphDrivers/bin/MAX78000/softfp/libPeriphDriver_softfp.a(i2c_reva.o)
                0x1000f690                MXC_I2C_RevA_SetTXThreshold
 .text.MXC_ICC_Enable
                0x1000f6b4        0x4 /home/bon/Documents/mock-team-black/msdk/Libraries/PeriphDrivers/bin/MAX78000/softfp/libPeriphDriver_softfp.a(icc_me17.o)
                0x1000f6b4                MXC_ICC_Enable
 .text.MXC_ICC_RevA_Enable
                0x1000f6b8       0x30 /home/bon/Documents/mock-team-black/msdk/Libraries/PeriphDrivers/bin/MAX78000/softfp/libPeriphDriver_softfp.a(icc_reva.o)
                0x1000f6b8                MXC_ICC_RevA_Enable
 .text.MXC_UART_Shutdown
                0x1000f6e8       0x6c /home/bon/Documents/mock-team-black/msdk/Libraries/PeriphDrivers/bin/MAX78000/softfp/libPeriphDriver_softfp.a(uart_ai85.o)
                0x1000f6e8                MXC_UART_Shutdown
 .text.MXC_UART_Init
                0x1000f754       0xb8 /home/bon/Documents/mock-team-black/msdk/Libraries/PeriphDrivers/bin/MAX78000/softfp/libPeriphDriver_softfp.a(uart_ai85.o)
                0x1000f754                MXC_UART_Init
 .text.MXC_UART_SetFrequency
                0x1000f80c       0xd0 /home/bon/Documents/mock-team-black/msdk/Libraries/PeriphDrivers/bin/MAX78000/softfp/libPeriphDriver_softfp.a(uart_ai85.o)
                0x1000f80c                MXC_UART_SetFrequency
 .text.MXC_UART_GetFrequency
                0x1000f8dc       0x54 /home/bon/Documents/mock-team-black/msdk/Libraries/PeriphDrivers/bin/MAX78000/softfp/libPeriphDriver_softfp.a(uart_ai85.o)
                0x1000f8dc                MXC_UART_GetFrequency
 .text.MXC_UART_SetDataSize
                0x1000f930        0x4 /home/bon/Documents/mock-team-black/msdk/Libraries/PeriphDrivers/bin/MAX78000/softfp/libPeriphDriver_softfp.a(uart_ai85.o)
                0x1000f930                MXC_UART_SetDataSize
 .text.MXC_UART_SetStopBits
                0x1000f934        0x4 /home/bon/Documents/mock-team-black/msdk/Libraries/PeriphDrivers/bin/MAX78000/softfp/libPeriphDriver_softfp.a(uart_ai85.o)
                0x1000f934                MXC_UART_SetStopBits
 .text.MXC_UART_SetParity
                0x1000f938        0x4 /home/bon/Documents/mock-team-black/msdk/Libraries/PeriphDrivers/bin/MAX78000/softfp/libPeriphDriver_softfp.a(uart_ai85.o)
                0x1000f938                MXC_UART_SetParity
 .text.MXC_UART_ReadCharacterRaw
                0x1000f93c        0x4 /home/bon/Documents/mock-team-black/msdk/Libraries/PeriphDrivers/bin/MAX78000/softfp/libPeriphDriver_softfp.a(uart_ai85.o)
                0x1000f93c                MXC_UART_ReadCharacterRaw
 .text.MXC_UART_WriteCharacterRaw
                0x1000f940        0x4 /home/bon/Documents/mock-team-black/msdk/Libraries/PeriphDrivers/bin/MAX78000/softfp/libPeriphDriver_softfp.a(uart_ai85.o)
                0x1000f940                MXC_UART_WriteCharacterRaw
 .text.MXC_UART_ReadCharacter
                0x1000f944        0x4 /home/bon/Documents/mock-team-black/msdk/Libraries/PeriphDrivers/bin/MAX78000/softfp/libPeriphDriver_softfp.a(uart_ai85.o)
                0x1000f944                MXC_UART_ReadCharacter
 .text.MXC_UART_WriteCharacter
                0x1000f948        0x4 /home/bon/Documents/mock-team-black/msdk/Libraries/PeriphDrivers/bin/MAX78000/softfp/libPeriphDriver_softfp.a(uart_ai85.o)
                0x1000f948                MXC_UART_WriteCharacter
 .text.MXC_UART_GetRXFIFOAvailable
                0x1000f94c        0x4 /home/bon/Documents/mock-team-black/msdk/Libraries/PeriphDrivers/bin/MAX78000/softfp/libPeriphDriver_softfp.a(uart_ai85.o)
                0x1000f94c                MXC_UART_GetRXFIFOAvailable
 .text.MXC_UART_GetTXFIFOAvailable
                0x1000f950        0x4 /home/bon/Documents/mock-team-black/msdk/Libraries/PeriphDrivers/bin/MAX78000/softfp/libPeriphDriver_softfp.a(uart_ai85.o)
                0x1000f950                MXC_UART_GetTXFIFOAvailable
 .text.MXC_UART_SetRXThreshold
                0x1000f954        0x4 /home/bon/Documents/mock-team-black/msdk/Libraries/PeriphDrivers/bin/MAX78000/softfp/libPeriphDriver_softfp.a(uart_ai85.o)
                0x1000f954                MXC_UART_SetRXThreshold
 .text.MXC_UART_Common_ReadCharacter
                0x1000f958       0x18 /home/bon/Documents/mock-team-black/msdk/Libraries/PeriphDrivers/bin/MAX78000/softfp/libPeriphDriver_softfp.a(uart_common.o)
                0x1000f958                MXC_UART_Common_ReadCharacter
 .text.MXC_UART_Common_WriteCharacter
                0x1000f970       0x1c /home/bon/Documents/mock-team-black/msdk/Libraries/PeriphDrivers/bin/MAX78000/softfp/libPeriphDriver_softfp.a(uart_common.o)
                0x1000f970                MXC_UART_Common_WriteCharacter
 .text.MXC_UART_RevB_Init
                0x1000f98c       0x70 /home/bon/Documents/mock-team-black/msdk/Libraries/PeriphDrivers/bin/MAX78000/softfp/libPeriphDriver_softfp.a(uart_revb.o)
                0x1000f98c                MXC_UART_RevB_Init
 .text.MXC_UART_RevB_SetFrequency
                0x1000f9fc       0x98 /home/bon/Documents/mock-team-black/msdk/Libraries/PeriphDrivers/bin/MAX78000/softfp/libPeriphDriver_softfp.a(uart_revb.o)
                0x1000f9fc                MXC_UART_RevB_SetFrequency
 .text.MXC_UART_RevB_GetFrequency
                0x1000fa94       0x80 /home/bon/Documents/mock-team-black/msdk/Libraries/PeriphDrivers/bin/MAX78000/softfp/libPeriphDriver_softfp.a(uart_revb.o)
                0x1000fa94                MXC_UART_RevB_GetFrequency
 .text.MXC_UART_RevB_SetDataSize
                0x1000fb14       0x40 /home/bon/Documents/mock-team-black/msdk/Libraries/PeriphDrivers/bin/MAX78000/softfp/libPeriphDriver_softfp.a(uart_revb.o)
                0x1000fb14                MXC_UART_RevB_SetDataSize
 .text.MXC_UART_RevB_SetStopBits
                0x1000fb54       0x48 /home/bon/Documents/mock-team-black/msdk/Libraries/PeriphDrivers/bin/MAX78000/softfp/libPeriphDriver_softfp.a(uart_revb.o)
                0x1000fb54                MXC_UART_RevB_SetStopBits
 .text.MXC_UART_RevB_SetParity
                0x1000fb9c       0xac /home/bon/Documents/mock-team-black/msdk/Libraries/PeriphDrivers/bin/MAX78000/softfp/libPeriphDriver_softfp.a(uart_revb.o)
                0x1000fb9c                MXC_UART_RevB_SetParity
 .text.MXC_UART_RevB_ReadCharacterRaw
                0x1000fc48       0x38 /home/bon/Documents/mock-team-black/msdk/Libraries/PeriphDrivers/bin/MAX78000/softfp/libPeriphDriver_softfp.a(uart_revb.o)
                0x1000fc48                MXC_UART_RevB_ReadCharacterRaw
 .text.MXC_UART_RevB_WriteCharacterRaw
                0x1000fc80       0x3c /home/bon/Documents/mock-team-black/msdk/Libraries/PeriphDrivers/bin/MAX78000/softfp/libPeriphDriver_softfp.a(uart_revb.o)
                0x1000fc80                MXC_UART_RevB_WriteCharacterRaw
 .text.MXC_UART_RevB_GetRXFIFOAvailable
                0x1000fcbc        0x8 /home/bon/Documents/mock-team-black/msdk/Libraries/PeriphDrivers/bin/MAX78000/softfp/libPeriphDriver_softfp.a(uart_revb.o)
                0x1000fcbc                MXC_UART_RevB_GetRXFIFOAvailable
 .text.MXC_UART_RevB_GetTXFIFOAvailable
                0x1000fcc4        0xc /home/bon/Documents/mock-team-black/msdk/Libraries/PeriphDrivers/bin/MAX78000/softfp/libPeriphDriver_softfp.a(uart_revb.o)
                0x1000fcc4                MXC_UART_RevB_GetTXFIFOAvailable
 .text.MXC_UART_RevB_SetRXThreshold
                0x1000fcd0       0x40 /home/bon/Documents/mock-team-black/msdk/Libraries/PeriphDrivers/bin/MAX78000/softfp/libPeriphDriver_softfp.a(uart_revb.o)
                0x1000fcd0                MXC_UART_RevB_SetRXThreshold
 .text.MXC_GPIO_Common_Init
                0x1000fd10       0x24 /home/bon/Documents/mock-team-black/msdk/Libraries/PeriphDrivers/bin/MAX78000/softfp/libPeriphDriver_softfp.a(gpio_common.o)
                0x1000fd10                MXC_GPIO_Common_Init
 .text.MXC_GPIO_Common_Handler
                0x1000fd34       0x54 /home/bon/Documents/mock-team-black/msdk/Libraries/PeriphDrivers/bin/MAX78000/softfp/libPeriphDriver_softfp.a(gpio_common.o)
                0x1000fd34                MXC_GPIO_Common_Handler
 .text.__errno  0x1000fd88        0xc /nix/store/shci5ykbsfws7kcxpqnn2qqxfw761haw-gcc-arm-embedded-12.3.rel1/bin/../lib/gcc/arm-none-eabi/12.3.1/../../../../arm-none-eabi/lib/thumb/v7e-m/nofp/libc.a(libc_a-errno.o)
                0x1000fd88                __errno
 .text._malloc_r
                0x1000fd94      0x574 /nix/store/shci5ykbsfws7kcxpqnn2qqxfw761haw-gcc-arm-embedded-12.3.rel1/bin/../lib/gcc/arm-none-eabi/12.3.1/../../../../arm-none-eabi/lib/thumb/v7e-m/nofp/libc.a(libc_a-mallocr.o)
                0x1000fd94                _malloc_r
 .text.startup.register_fini
                0x10010308       0x14 /nix/store/shci5ykbsfws7kcxpqnn2qqxfw761haw-gcc-arm-embedded-12.3.rel1/bin/../lib/gcc/arm-none-eabi/12.3.1/../../../../arm-none-eabi/lib/thumb/v7e-m/nofp/libc.a(libc_a-__call_atexit.o)
 .text.memset   0x1001031c       0xa4 /nix/store/shci5ykbsfws7kcxpqnn2qqxfw761haw-gcc-arm-embedded-12.3.rel1/bin/../lib/gcc/arm-none-eabi/12.3.1/../../../../arm-none-eabi/lib/thumb/v7e-m/nofp/libc.a(libc_a-memset.o)
                0x1001031c                memset
 .text.__libc_init_array
                0x100103c0       0x50 /nix/store/shci5ykbsfws7kcxpqnn2qqxfw761haw-gcc-arm-embedded-12.3.rel1/bin/../lib/gcc/arm-none-eabi/12.3.1/../../../../arm-none-eabi/lib/thumb/v7e-m/nofp/libc.a(libc_a-init.o)
                0x100103c0                __libc_init_array
 .text.__libc_fini_array
                0x10010410       0x28 /nix/store/shci5ykbsfws7kcxpqnn2qqxfw761haw-gcc-arm-embedded-12.3.rel1/bin/../lib/gcc/arm-none-eabi/12.3.1/../../../../arm-none-eabi/lib/thumb/v7e-m/nofp/libc.a(libc_a-fini.o)
                0x10010410                __libc_fini_array
 .text.__retarget_lock_init_recursive
                0x10010438        0x4 /nix/store/shci5ykbsfws7kcxpqnn2qqxfw761haw-gcc-arm-embedded-12.3.rel1/bin/../lib/gcc/arm-none-eabi/12.3.1/../../../../arm-none-eabi/lib/thumb/v7e-m/nofp/libc.a(libc_a-lock.o)
                0x10010438                __retarget_lock_init_recursive
 .text.__retarget_lock_close_recursive
                0x1001043c        0x4 /nix/store/shci5ykbsfws7kcxpqnn2qqxfw761haw-gcc-arm-embedded-12.3.rel1/bin/../lib/gcc/arm-none-eabi/12.3.1/../../../../arm-none-eabi/lib/thumb/v7e-m/nofp/libc.a(libc_a-lock.o)
                0x1001043c                __retarget_lock_close_recursive
 .text.__retarget_lock_acquire_recursive
                0x10010440        0x4 /nix/store/shci5ykbsfws7kcxpqnn2qqxfw761haw-gcc-arm-embedded-12.3.rel1/bin/../lib/gcc/arm-none-eabi/12.3.1/../../../../arm-none-eabi/lib/thumb/v7e-m/nofp/libc.a(libc_a-lock.o)
                0x10010440                __retarget_lock_acquire_recursive
 .text.__retarget_lock_release_recursive
                0x10010444        0x4 /nix/store/shci5ykbsfws7kcxpqnn2qqxfw761haw-gcc-arm-embedded-12.3.rel1/bin/../lib/gcc/arm-none-eabi/12.3.1/../../../../arm-none-eabi/lib/thumb/v7e-m/nofp/libc.a(libc_a-lock.o)
                0x10010444                __retarget_lock_release_recursive
 .text.sysconf  0x10010448       0x1c /nix/store/shci5ykbsfws7kcxpqnn2qqxfw761haw-gcc-arm-embedded-12.3.rel1/bin/../lib/gcc/arm-none-eabi/12.3.1/../../../../arm-none-eabi/lib/thumb/v7e-m/nofp/libc.a(libc_a-sysconf.o)
                0x10010448                sysconf
 .text.printf   0x10010464       0x28 /nix/store/shci5ykbsfws7kcxpqnn2qqxfw761haw-gcc-arm-embedded-12.3.rel1/bin/../lib/gcc/arm-none-eabi/12.3.1/../../../../arm-none-eabi/lib/thumb/v7e-m/nofp/libc.a(libc_a-printf.o)
                0x10010464                printf
 .text.__malloc_lock
                0x1001048c        0xc /nix/store/shci5ykbsfws7kcxpqnn2qqxfw761haw-gcc-arm-embedded-12.3.rel1/bin/../lib/gcc/arm-none-eabi/12.3.1/../../../../arm-none-eabi/lib/thumb/v7e-m/nofp/libc.a(libc_a-mlock.o)
                0x1001048c                __malloc_lock
 .text.__malloc_unlock
                0x10010498        0xc /nix/store/shci5ykbsfws7kcxpqnn2qqxfw761haw-gcc-arm-embedded-12.3.rel1/bin/../lib/gcc/arm-none-eabi/12.3.1/../../../../arm-none-eabi/lib/thumb/v7e-m/nofp/libc.a(libc_a-mlock.o)
                0x10010498                __malloc_unlock
 .text.atexit   0x100104a4        0xc /nix/store/shci5ykbsfws7kcxpqnn2qqxfw761haw-gcc-arm-embedded-12.3.rel1/bin/../lib/gcc/arm-none-eabi/12.3.1/../../../../arm-none-eabi/lib/thumb/v7e-m/nofp/libc.a(libc_a-atexit.o)
                0x100104a4                atexit
 .text.stdio_exit_handler
                0x100104b0       0x18 /nix/store/shci5ykbsfws7kcxpqnn2qqxfw761haw-gcc-arm-embedded-12.3.rel1/bin/../lib/gcc/arm-none-eabi/12.3.1/../../../../arm-none-eabi/lib/thumb/v7e-m/nofp/libc.a(libc_a-findfp.o)
 .text.cleanup_stdio
                0x100104c8       0x40 /nix/store/shci5ykbsfws7kcxpqnn2qqxfw761haw-gcc-arm-embedded-12.3.rel1/bin/../lib/gcc/arm-none-eabi/12.3.1/../../../../arm-none-eabi/lib/thumb/v7e-m/nofp/libc.a(libc_a-findfp.o)
 .text.global_stdio_init.part.0
                0x10010508       0xf0 /nix/store/shci5ykbsfws7kcxpqnn2qqxfw761haw-gcc-arm-embedded-12.3.rel1/bin/../lib/gcc/arm-none-eabi/12.3.1/../../../../arm-none-eabi/lib/thumb/v7e-m/nofp/libc.a(libc_a-findfp.o)
 .text.__sinit  0x100105f8       0x3c /nix/store/shci5ykbsfws7kcxpqnn2qqxfw761haw-gcc-arm-embedded-12.3.rel1/bin/../lib/gcc/arm-none-eabi/12.3.1/../../../../arm-none-eabi/lib/thumb/v7e-m/nofp/libc.a(libc_a-findfp.o)
                0x100105f8                __sinit
 .text.__sfp_lock_acquire
                0x10010634        0xc /nix/store/shci5ykbsfws7kcxpqnn2qqxfw761haw-gcc-arm-embedded-12.3.rel1/bin/../lib/gcc/arm-none-eabi/12.3.1/../../../../arm-none-eabi/lib/thumb/v7e-m/nofp/libc.a(libc_a-findfp.o)
                0x10010634                __sfp_lock_acquire
 .text.__sfp_lock_release
                0x10010640        0xc /nix/store/shci5ykbsfws7kcxpqnn2qqxfw761haw-gcc-arm-embedded-12.3.rel1/bin/../lib/gcc/arm-none-eabi/12.3.1/../../../../arm-none-eabi/lib/thumb/v7e-m/nofp/libc.a(libc_a-findfp.o)
                0x10010640                __sfp_lock_release
 .text          0x1001064c      0x134 /nix/store/shci5ykbsfws7kcxpqnn2qqxfw761haw-gcc-arm-embedded-12.3.rel1/bin/../lib/gcc/arm-none-eabi/12.3.1/../../../../arm-none-eabi/lib/thumb/v7e-m/nofp/libc.a(libc_a-memcpy.o)
                0x1001064c                memcpy
 .text          0x10010780       0xd8 /nix/store/shci5ykbsfws7kcxpqnn2qqxfw761haw-gcc-arm-embedded-12.3.rel1/bin/../lib/gcc/arm-none-eabi/12.3.1/../../../../arm-none-eabi/lib/thumb/v7e-m/nofp/libc.a(libc_a-strlen.o)
                0x10010780                strlen
 .text._malloc_trim_r
                0x10010858       0xb8 /nix/store/shci5ykbsfws7kcxpqnn2qqxfw761haw-gcc-arm-embedded-12.3.rel1/bin/../lib/gcc/arm-none-eabi/12.3.1/../../../../arm-none-eabi/lib/thumb/v7e-m/nofp/libc.a(libc_a-freer.o)
                0x10010858                _malloc_trim_r
 .text._free_r  0x10010910      0x1fc /nix/store/shci5ykbsfws7kcxpqnn2qqxfw761haw-gcc-arm-embedded-12.3.rel1/bin/../lib/gcc/arm-none-eabi/12.3.1/../../../../arm-none-eabi/lib/thumb/v7e-m/nofp/libc.a(libc_a-freer.o)
                0x10010910                _free_r
 .text.__sread  0x10010b0c       0x24 /nix/store/shci5ykbsfws7kcxpqnn2qqxfw761haw-gcc-arm-embedded-12.3.rel1/bin/../lib/gcc/arm-none-eabi/12.3.1/../../../../arm-none-eabi/lib/thumb/v7e-m/nofp/libc.a(libc_a-stdio.o)
                0x10010b0c                __sread
 .text.__swrite
                0x10010b30       0x40 /nix/store/shci5ykbsfws7kcxpqnn2qqxfw761haw-gcc-arm-embedded-12.3.rel1/bin/../lib/gcc/arm-none-eabi/12.3.1/../../../../arm-none-eabi/lib/thumb/v7e-m/nofp/libc.a(libc_a-stdio.o)
                0x10010b30                __swrite
 .text.__sseek  0x10010b70       0x24 /nix/store/shci5ykbsfws7kcxpqnn2qqxfw761haw-gcc-arm-embedded-12.3.rel1/bin/../lib/gcc/arm-none-eabi/12.3.1/../../../../arm-none-eabi/lib/thumb/v7e-m/nofp/libc.a(libc_a-stdio.o)
                0x10010b70                __sseek
 .text.__sclose
                0x10010b94        0x8 /nix/store/shci5ykbsfws7kcxpqnn2qqxfw761haw-gcc-arm-embedded-12.3.rel1/bin/../lib/gcc/arm-none-eabi/12.3.1/../../../../arm-none-eabi/lib/thumb/v7e-m/nofp/libc.a(libc_a-stdio.o)
                0x10010b94                __sclose
 .text._sbrk_r  0x10010b9c       0x24 /nix/store/shci5ykbsfws7kcxpqnn2qqxfw761haw-gcc-arm-embedded-12.3.rel1/bin/../lib/gcc/arm-none-eabi/12.3.1/../../../../arm-none-eabi/lib/thumb/v7e-m/nofp/libc.a(libc_a-sbrkr.o)
                0x10010b9c                _sbrk_r
 .text.__sfvwrite_r
                0x10010bc0      0x2f8 /nix/store/shci5ykbsfws7kcxpqnn2qqxfw761haw-gcc-arm-embedded-12.3.rel1/bin/../lib/gcc/arm-none-eabi/12.3.1/../../../../arm-none-eabi/lib/thumb/v7e-m/nofp/libc.a(libc_a-fvwrite.o)
                0x10010bc0                __sfvwrite_r
 .text._write_r
                0x10010eb8       0x2c /nix/store/shci5ykbsfws7kcxpqnn2qqxfw761haw-gcc-arm-embedded-12.3.rel1/bin/../lib/gcc/arm-none-eabi/12.3.1/../../../../arm-none-eabi/lib/thumb/v7e-m/nofp/libc.a(libc_a-writer.o)
                0x10010eb8                _write_r
 .text._fwalk_sglue
                0x10010ee4       0x48 /nix/store/shci5ykbsfws7kcxpqnn2qqxfw761haw-gcc-arm-embedded-12.3.rel1/bin/../lib/gcc/arm-none-eabi/12.3.1/../../../../arm-none-eabi/lib/thumb/v7e-m/nofp/libc.a(libc_a-fwalk.o)
                0x10010ee4                _fwalk_sglue
 .text._vfprintf_r
                0x10010f2c     0x1c48 /nix/store/shci5ykbsfws7kcxpqnn2qqxfw761haw-gcc-arm-embedded-12.3.rel1/bin/../lib/gcc/arm-none-eabi/12.3.1/../../../../arm-none-eabi/lib/thumb/v7e-m/nofp/libc.a(libc_a-vfprintf.o)
                0x10010f2c                _vfprintf_r
 .text.__sbprintf
                0x10012b74       0x80 /nix/store/shci5ykbsfws7kcxpqnn2qqxfw761haw-gcc-arm-embedded-12.3.rel1/bin/../lib/gcc/arm-none-eabi/12.3.1/../../../../arm-none-eabi/lib/thumb/v7e-m/nofp/libc.a(libc_a-vfprintf.o)
 .text.__sprint_r.part.0
                0x10012bf4       0x78 /nix/store/shci5ykbsfws7kcxpqnn2qqxfw761haw-gcc-arm-embedded-12.3.rel1/bin/../lib/gcc/arm-none-eabi/12.3.1/../../../../arm-none-eabi/lib/thumb/v7e-m/nofp/libc.a(libc_a-vfiprintf.o)
 .text.__sprint_r
                0x10012c6c       0x14 /nix/store/shci5ykbsfws7kcxpqnn2qqxfw761haw-gcc-arm-embedded-12.3.rel1/bin/../lib/gcc/arm-none-eabi/12.3.1/../../../../arm-none-eabi/lib/thumb/v7e-m/nofp/libc.a(libc_a-vfiprintf.o)
                0x10012c6c                __sprint_r
 .text._vfiprintf_r
                0x10012c80      0xfac /nix/store/shci5ykbsfws7kcxpqnn2qqxfw761haw-gcc-arm-embedded-12.3.rel1/bin/../lib/gcc/arm-none-eabi/12.3.1/../../../../arm-none-eabi/lib/thumb/v7e-m/nofp/libc.a(libc_a-vfiprintf.o)
                0x10012c80                _vfiprintf_r
 .text.__sbprintf
                0x10013c2c       0x80 /nix/store/shci5ykbsfws7kcxpqnn2qqxfw761haw-gcc-arm-embedded-12.3.rel1/bin/../lib/gcc/arm-none-eabi/12.3.1/../../../../arm-none-eabi/lib/thumb/v7e-m/nofp/libc.a(libc_a-vfiprintf.o)
 .text.__register_exitproc
                0x10013cac       0x80 /nix/store/shci5ykbsfws7kcxpqnn2qqxfw761haw-gcc-arm-embedded-12.3.rel1/bin/../lib/gcc/arm-none-eabi/12.3.1/../../../../arm-none-eabi/lib/thumb/v7e-m/nofp/libc.a(libc_a-__atexit.o)
                0x10013cac                __register_exitproc
 .text.memmove  0x10013d2c      0x100 /nix/store/shci5ykbsfws7kcxpqnn2qqxfw761haw-gcc-arm-embedded-12.3.rel1/bin/../lib/gcc/arm-none-eabi/12.3.1/../../../../arm-none-eabi/lib/thumb/v7e-m/nofp/libc.a(libc_a-memmove.o)
                0x10013d2c                memmove
 .text._wcrtomb_r
                0x10013e2c       0x4c /nix/store/shci5ykbsfws7kcxpqnn2qqxfw761haw-gcc-arm-embedded-12.3.rel1/bin/../lib/gcc/arm-none-eabi/12.3.1/../../../../arm-none-eabi/lib/thumb/v7e-m/nofp/libc.a(libc_a-wcrtomb.o)
                0x10013e2c                _wcrtomb_r
 .text.__locale_mb_cur_max
                0x10013e78        0xc /nix/store/shci5ykbsfws7kcxpqnn2qqxfw761haw-gcc-arm-embedded-12.3.rel1/bin/../lib/gcc/arm-none-eabi/12.3.1/../../../../arm-none-eabi/lib/thumb/v7e-m/nofp/libc.a(libc_a-locale.o)
                0x10013e78                __locale_mb_cur_max
 .text._localeconv_r
                0x10013e84        0x8 /nix/store/shci5ykbsfws7kcxpqnn2qqxfw761haw-gcc-arm-embedded-12.3.rel1/bin/../lib/gcc/arm-none-eabi/12.3.1/../../../../arm-none-eabi/lib/thumb/v7e-m/nofp/libc.a(libc_a-localeconv.o)
                0x10013e84                _localeconv_r
 .text._fclose_r
                0x10013e8c       0xc0 /nix/store/shci5ykbsfws7kcxpqnn2qqxfw761haw-gcc-arm-embedded-12.3.rel1/bin/../lib/gcc/arm-none-eabi/12.3.1/../../../../arm-none-eabi/lib/thumb/v7e-m/nofp/libc.a(libc_a-fclose.o)
                0x10013e8c                _fclose_r
 .text.__swsetup_r
                0x10013f4c       0xc0 /nix/store/shci5ykbsfws7kcxpqnn2qqxfw761haw-gcc-arm-embedded-12.3.rel1/bin/../lib/gcc/arm-none-eabi/12.3.1/../../../../arm-none-eabi/lib/thumb/v7e-m/nofp/libc.a(libc_a-wsetup.o)
                0x10013f4c                __swsetup_r
 .text.__smakebuf_r
                0x1001400c       0xdc /nix/store/shci5ykbsfws7kcxpqnn2qqxfw761haw-gcc-arm-embedded-12.3.rel1/bin/../lib/gcc/arm-none-eabi/12.3.1/../../../../arm-none-eabi/lib/thumb/v7e-m/nofp/libc.a(libc_a-makebuf.o)
                0x1001400c                __smakebuf_r
 .text._wcsrtombs_r
                0x100140e8       0x1c /nix/store/shci5ykbsfws7kcxpqnn2qqxfw761haw-gcc-arm-embedded-12.3.rel1/bin/../lib/gcc/arm-none-eabi/12.3.1/../../../../arm-none-eabi/lib/thumb/v7e-m/nofp/libc.a(libc_a-wcsrtombs.o)
                0x100140e8                _wcsrtombs_r
 .text.quorem   0x10014104      0x12c /nix/store/shci5ykbsfws7kcxpqnn2qqxfw761haw-gcc-arm-embedded-12.3.rel1/bin/../lib/gcc/arm-none-eabi/12.3.1/../../../../arm-none-eabi/lib/thumb/v7e-m/nofp/libc.a(libc_a-dtoa.o)
 .text._dtoa_r  0x10014230      0xe48 /nix/store/shci5ykbsfws7kcxpqnn2qqxfw761haw-gcc-arm-embedded-12.3.rel1/bin/../lib/gcc/arm-none-eabi/12.3.1/../../../../arm-none-eabi/lib/thumb/v7e-m/nofp/libc.a(libc_a-dtoa.o)
                0x10014230                _dtoa_r
 .text._close_r
                0x10015078       0x24 /nix/store/shci5ykbsfws7kcxpqnn2qqxfw761haw-gcc-arm-embedded-12.3.rel1/bin/../lib/gcc/arm-none-eabi/12.3.1/../../../../arm-none-eabi/lib/thumb/v7e-m/nofp/libc.a(libc_a-closer.o)
                0x10015078                _close_r
 .text.__sflush_r
                0x1001509c      0x128 /nix/store/shci5ykbsfws7kcxpqnn2qqxfw761haw-gcc-arm-embedded-12.3.rel1/bin/../lib/gcc/arm-none-eabi/12.3.1/../../../../arm-none-eabi/lib/thumb/v7e-m/nofp/libc.a(libc_a-fflush.o)
                0x1001509c                __sflush_r
 .text._fflush_r
                0x100151c4       0x54 /nix/store/shci5ykbsfws7kcxpqnn2qqxfw761haw-gcc-arm-embedded-12.3.rel1/bin/../lib/gcc/arm-none-eabi/12.3.1/../../../../arm-none-eabi/lib/thumb/v7e-m/nofp/libc.a(libc_a-fflush.o)
                0x100151c4                _fflush_r
 *fill*         0x10015218        0x8 
 .text          0x10015220       0xa0 /nix/store/shci5ykbsfws7kcxpqnn2qqxfw761haw-gcc-arm-embedded-12.3.rel1/bin/../lib/gcc/arm-none-eabi/12.3.1/../../../../arm-none-eabi/lib/thumb/v7e-m/nofp/libc.a(libc_a-memchr.o)
                0x10015220                memchr
 .text.frexp    0x100152c0       0x70 /nix/store/shci5ykbsfws7kcxpqnn2qqxfw761haw-gcc-arm-embedded-12.3.rel1/bin/../lib/gcc/arm-none-eabi/12.3.1/../../../../arm-none-eabi/lib/thumb/v7e-m/nofp/libc.a(libm_a-s_frexp.o)
                0x100152c0                frexp
 .text._realloc_r
                0x10015330      0x344 /nix/store/shci5ykbsfws7kcxpqnn2qqxfw761haw-gcc-arm-embedded-12.3.rel1/bin/../lib/gcc/arm-none-eabi/12.3.1/../../../../arm-none-eabi/lib/thumb/v7e-m/nofp/libc.a(libc_a-reallocr.o)
                0x10015330                _realloc_r
 .text.strncpy  0x10015674       0x68 /nix/store/shci5ykbsfws7kcxpqnn2qqxfw761haw-gcc-arm-embedded-12.3.rel1/bin/../lib/gcc/arm-none-eabi/12.3.1/../../../../arm-none-eabi/lib/thumb/v7e-m/nofp/libc.a(libc_a-strncpy.o)
                0x10015674                strncpy
 .text._fstat_r
                0x100156dc       0x2c /nix/store/shci5ykbsfws7kcxpqnn2qqxfw761haw-gcc-arm-embedded-12.3.rel1/bin/../lib/gcc/arm-none-eabi/12.3.1/../../../../arm-none-eabi/lib/thumb/v7e-m/nofp/libc.a(libc_a-fstatr.o)
                0x100156dc                _fstat_r
 .text._isatty_r
                0x10015708       0x24 /nix/store/shci5ykbsfws7kcxpqnn2qqxfw761haw-gcc-arm-embedded-12.3.rel1/bin/../lib/gcc/arm-none-eabi/12.3.1/../../../../arm-none-eabi/lib/thumb/v7e-m/nofp/libc.a(libc_a-isattyr.o)
                0x10015708                _isatty_r
 .text._lseek_r
                0x1001572c       0x2c /nix/store/shci5ykbsfws7kcxpqnn2qqxfw761haw-gcc-arm-embedded-12.3.rel1/bin/../lib/gcc/arm-none-eabi/12.3.1/../../../../arm-none-eabi/lib/thumb/v7e-m/nofp/libc.a(libc_a-lseekr.o)
                0x1001572c                _lseek_r
 .text._read_r  0x10015758       0x2c /nix/store/shci5ykbsfws7kcxpqnn2qqxfw761haw-gcc-arm-embedded-12.3.rel1/bin/../lib/gcc/arm-none-eabi/12.3.1/../../../../arm-none-eabi/lib/thumb/v7e-m/nofp/libc.a(libc_a-readr.o)
                0x10015758                _read_r
 .text.__fputwc
                0x10015784       0x7c /nix/store/shci5ykbsfws7kcxpqnn2qqxfw761haw-gcc-arm-embedded-12.3.rel1/bin/../lib/gcc/arm-none-eabi/12.3.1/../../../../arm-none-eabi/lib/thumb/v7e-m/nofp/libc.a(libc_a-fputwc.o)
                0x10015784                __fputwc
 .text._fputwc_r
                0x10015800       0x60 /nix/store/shci5ykbsfws7kcxpqnn2qqxfw761haw-gcc-arm-embedded-12.3.rel1/bin/../lib/gcc/arm-none-eabi/12.3.1/../../../../arm-none-eabi/lib/thumb/v7e-m/nofp/libc.a(libc_a-fputwc.o)
                0x10015800                _fputwc_r
 .text.__ascii_wctomb
                0x10015860       0x1c /nix/store/shci5ykbsfws7kcxpqnn2qqxfw761haw-gcc-arm-embedded-12.3.rel1/bin/../lib/gcc/arm-none-eabi/12.3.1/../../../../arm-none-eabi/lib/thumb/v7e-m/nofp/libc.a(libc_a-wctomb_r.o)
                0x10015860                __ascii_wctomb
 .text.__swbuf_r
                0x1001587c       0xac /nix/store/shci5ykbsfws7kcxpqnn2qqxfw761haw-gcc-arm-embedded-12.3.rel1/bin/../lib/gcc/arm-none-eabi/12.3.1/../../../../arm-none-eabi/lib/thumb/v7e-m/nofp/libc.a(libc_a-wbuf.o)
                0x1001587c                __swbuf_r
 .text.__ascii_mbtowc
                0x10015928       0x2c /nix/store/shci5ykbsfws7kcxpqnn2qqxfw761haw-gcc-arm-embedded-12.3.rel1/bin/../lib/gcc/arm-none-eabi/12.3.1/../../../../arm-none-eabi/lib/thumb/v7e-m/nofp/libc.a(libc_a-mbtowc_r.o)
                0x10015928                __ascii_mbtowc
 .text.__assert_func
                0x10015954       0x40 /nix/store/shci5ykbsfws7kcxpqnn2qqxfw761haw-gcc-arm-embedded-12.3.rel1/bin/../lib/gcc/arm-none-eabi/12.3.1/../../../../arm-none-eabi/lib/thumb/v7e-m/nofp/libc.a(libc_a-assert.o)
                0x10015954                __assert_func
 .text._Balloc  0x10015994       0x4c /nix/store/shci5ykbsfws7kcxpqnn2qqxfw761haw-gcc-arm-embedded-12.3.rel1/bin/../lib/gcc/arm-none-eabi/12.3.1/../../../../arm-none-eabi/lib/thumb/v7e-m/nofp/libc.a(libc_a-mprec.o)
                0x10015994                _Balloc
 .text._Bfree   0x100159e0       0x14 /nix/store/shci5ykbsfws7kcxpqnn2qqxfw761haw-gcc-arm-embedded-12.3.rel1/bin/../lib/gcc/arm-none-eabi/12.3.1/../../../../arm-none-eabi/lib/thumb/v7e-m/nofp/libc.a(libc_a-mprec.o)
                0x100159e0                _Bfree
 .text.__multadd
                0x100159f4       0xa0 /nix/store/shci5ykbsfws7kcxpqnn2qqxfw761haw-gcc-arm-embedded-12.3.rel1/bin/../lib/gcc/arm-none-eabi/12.3.1/../../../../arm-none-eabi/lib/thumb/v7e-m/nofp/libc.a(libc_a-mprec.o)
                0x100159f4                __multadd
 .text.__hi0bits
                0x10015a94       0x44 /nix/store/shci5ykbsfws7kcxpqnn2qqxfw761haw-gcc-arm-embedded-12.3.rel1/bin/../lib/gcc/arm-none-eabi/12.3.1/../../../../arm-none-eabi/lib/thumb/v7e-m/nofp/libc.a(libc_a-mprec.o)
                0x10015a94                __hi0bits
 .text.__lo0bits
                0x10015ad8       0x60 /nix/store/shci5ykbsfws7kcxpqnn2qqxfw761haw-gcc-arm-embedded-12.3.rel1/bin/../lib/gcc/arm-none-eabi/12.3.1/../../../../arm-none-eabi/lib/thumb/v7e-m/nofp/libc.a(libc_a-mprec.o)
                0x10015ad8                __lo0bits
 .text.__i2b    0x10015b38       0x5c /nix/store/shci5ykbsfws7kcxpqnn2qqxfw761haw-gcc-arm-embedded-12.3.rel1/bin/../lib/gcc/arm-none-eabi/12.3.1/../../../../arm-none-eabi/lib/thumb/v7e-m/nofp/libc.a(libc_a-mprec.o)
                0x10015b38                __i2b
 .text.__multiply
                0x10015b94      0x16c /nix/store/shci5ykbsfws7kcxpqnn2qqxfw761haw-gcc-arm-embedded-12.3.rel1/bin/../lib/gcc/arm-none-eabi/12.3.1/../../../../arm-none-eabi/lib/thumb/v7e-m/nofp/libc.a(libc_a-mprec.o)
                0x10015b94                __multiply
 .text.__pow5mult
                0x10015d00       0xb4 /nix/store/shci5ykbsfws7kcxpqnn2qqxfw761haw-gcc-arm-embedded-12.3.rel1/bin/../lib/gcc/arm-none-eabi/12.3.1/../../../../arm-none-eabi/lib/thumb/v7e-m/nofp/libc.a(libc_a-mprec.o)
                0x10015d00                __pow5mult
 .text.__lshift
                0x10015db4       0xf0 /nix/store/shci5ykbsfws7kcxpqnn2qqxfw761haw-gcc-arm-embedded-12.3.rel1/bin/../lib/gcc/arm-none-eabi/12.3.1/../../../../arm-none-eabi/lib/thumb/v7e-m/nofp/libc.a(libc_a-mprec.o)
                0x10015db4                __lshift
 .text.__mcmp   0x10015ea4       0x40 /nix/store/shci5ykbsfws7kcxpqnn2qqxfw761haw-gcc-arm-embedded-12.3.rel1/bin/../lib/gcc/arm-none-eabi/12.3.1/../../../../arm-none-eabi/lib/thumb/v7e-m/nofp/libc.a(libc_a-mprec.o)
                0x10015ea4                __mcmp
 .text.__mdiff  0x10015ee4      0x164 /nix/store/shci5ykbsfws7kcxpqnn2qqxfw761haw-gcc-arm-embedded-12.3.rel1/bin/../lib/gcc/arm-none-eabi/12.3.1/../../../../arm-none-eabi/lib/thumb/v7e-m/nofp/libc.a(libc_a-mprec.o)
                0x10015ee4                __mdiff
 .text.__d2b    0x10016048       0xbc /nix/store/shci5ykbsfws7kcxpqnn2qqxfw761haw-gcc-arm-embedded-12.3.rel1/bin/../lib/gcc/arm-none-eabi/12.3.1/../../../../arm-none-eabi/lib/thumb/v7e-m/nofp/libc.a(libc_a-mprec.o)
                0x10016048                __d2b
 .text._calloc_r
                0x10016104       0x6c /nix/store/shci5ykbsfws7kcxpqnn2qqxfw761haw-gcc-arm-embedded-12.3.rel1/bin/../lib/gcc/arm-none-eabi/12.3.1/../../../../arm-none-eabi/lib/thumb/v7e-m/nofp/libc.a(libc_a-callocr.o)
                0x10016104                _calloc_r
 .text._wcsnrtombs_l
                0x10016170       0xec /nix/store/shci5ykbsfws7kcxpqnn2qqxfw761haw-gcc-arm-embedded-12.3.rel1/bin/../lib/gcc/arm-none-eabi/12.3.1/../../../../arm-none-eabi/lib/thumb/v7e-m/nofp/libc.a(libc_a-wcsnrtombs.o)
                0x10016170                _wcsnrtombs_l
 .text._wcsnrtombs_r
                0x1001625c       0x24 /nix/store/shci5ykbsfws7kcxpqnn2qqxfw761haw-gcc-arm-embedded-12.3.rel1/bin/../lib/gcc/arm-none-eabi/12.3.1/../../../../arm-none-eabi/lib/thumb/v7e-m/nofp/libc.a(libc_a-wcsnrtombs.o)
                0x1001625c                _wcsnrtombs_r
 .text.fiprintf
                0x10016280       0x28 /nix/store/shci5ykbsfws7kcxpqnn2qqxfw761haw-gcc-arm-embedded-12.3.rel1/bin/../lib/gcc/arm-none-eabi/12.3.1/../../../../arm-none-eabi/lib/thumb/v7e-m/nofp/libc.a(libc_a-fiprintf.o)
                0x10016280                fiprintf
 .text.abort    0x100162a8       0x10 /nix/store/shci5ykbsfws7kcxpqnn2qqxfw761haw-gcc-arm-embedded-12.3.rel1/bin/../lib/gcc/arm-none-eabi/12.3.1/../../../../arm-none-eabi/lib/thumb/v7e-m/nofp/libc.a(libc_a-abort.o)
                0x100162a8                abort
 .text.raise    0x100162b8       0x58 /nix/store/shci5ykbsfws7kcxpqnn2qqxfw761haw-gcc-arm-embedded-12.3.rel1/bin/../lib/gcc/arm-none-eabi/12.3.1/../../../../arm-none-eabi/lib/thumb/v7e-m/nofp/libc.a(libc_a-signal.o)
                0x100162b8                raise
 .text._kill_r  0x10016310       0x2c /nix/store/shci5ykbsfws7kcxpqnn2qqxfw761haw-gcc-arm-embedded-12.3.rel1/bin/../lib/gcc/arm-none-eabi/12.3.1/../../../../arm-none-eabi/lib/thumb/v7e-m/nofp/libc.a(libc_a-signalr.o)
                0x10016310                _kill_r
 .text._getpid_r
                0x1001633c        0x4 /nix/store/shci5ykbsfws7kcxpqnn2qqxfw761haw-gcc-arm-embedded-12.3.rel1/bin/../lib/gcc/arm-none-eabi/12.3.1/../../../../arm-none-eabi/lib/thumb/v7e-m/nofp/libc.a(libc_a-signalr.o)
                0x1001633c                _getpid_r
 .text._getpid  0x10016340       0x10 /nix/store/shci5ykbsfws7kcxpqnn2qqxfw761haw-gcc-arm-embedded-12.3.rel1/bin/../lib/gcc/arm-none-eabi/12.3.1/../../../../arm-none-eabi/lib/thumb/v7e-m/nofp/libnosys.a(getpid.o)
                0x10016340                _getpid
 .text._kill    0x10016350       0x10 /nix/store/shci5ykbsfws7kcxpqnn2qqxfw761haw-gcc-arm-embedded-12.3.rel1/bin/../lib/gcc/arm-none-eabi/12.3.1/../../../../arm-none-eabi/lib/thumb/v7e-m/nofp/libnosys.a(kill.o)
                0x10016350                _kill
 .text._exit    0x10016360        0x4 /nix/store/shci5ykbsfws7kcxpqnn2qqxfw761haw-gcc-arm-embedded-12.3.rel1/bin/../lib/gcc/arm-none-eabi/12.3.1/../../../../arm-none-eabi/lib/thumb/v7e-m/nofp/libnosys.a(_exit.o)
                0x10016360                _exit
 .text          0x10016364      0x378 /nix/store/shci5ykbsfws7kcxpqnn2qqxfw761haw-gcc-arm-embedded-12.3.rel1/bin/../lib/gcc/arm-none-eabi/12.3.1/thumb/v7e-m/nofp/libgcc.a(_arm_addsubdf3.o)
                0x10016364                __aeabi_drsub
                0x1001636c                __aeabi_dsub
                0x1001636c                __subdf3
                0x10016370                __adddf3
                0x10016370                __aeabi_dadd
                0x100165e8                __aeabi_ui2d
                0x100165e8                __floatunsidf
                0x10016608                __floatsidf
                0x10016608                __aeabi_i2d
                0x1001662c                __extendsfdf2
                0x1001662c                __aeabi_f2d
                0x10016670                __aeabi_ul2d
                0x10016670                __floatundidf
                0x10016680                __floatdidf
                0x10016680                __aeabi_l2d
 .text          0x100166dc      0x424 /nix/store/shci5ykbsfws7kcxpqnn2qqxfw761haw-gcc-arm-embedded-12.3.rel1/bin/../lib/gcc/arm-none-eabi/12.3.1/thumb/v7e-m/nofp/libgcc.a(_arm_muldivdf3.o)
                0x100166dc                __aeabi_dmul
                0x100166dc                __muldf3
                0x10016930                __aeabi_ddiv
                0x10016930                __divdf3
 .text          0x10016b00      0x110 /nix/store/shci5ykbsfws7kcxpqnn2qqxfw761haw-gcc-arm-embedded-12.3.rel1/bin/../lib/gcc/arm-none-eabi/12.3.1/thumb/v7e-m/nofp/libgcc.a(_arm_cmpdf2.o)
                0x10016b00                __gtdf2
                0x10016b00                __gedf2
                0x10016b08                __ltdf2
                0x10016b08                __ledf2
                0x10016b10                __cmpdf2
                0x10016b10                __eqdf2
                0x10016b10                __nedf2
                0x10016b8c                __aeabi_cdrcmple
                0x10016b9c                __aeabi_cdcmple
                0x10016b9c                __aeabi_cdcmpeq
                0x10016bac                __aeabi_dcmpeq
                0x10016bc0                __aeabi_dcmplt
                0x10016bd4                __aeabi_dcmple
                0x10016be8                __aeabi_dcmpge
                0x10016bfc                __aeabi_dcmpgt
 .text          0x10016c10       0x2c /nix/store/shci5ykbsfws7kcxpqnn2qqxfw761haw-gcc-arm-embedded-12.3.rel1/bin/../lib/gcc/arm-none-eabi/12.3.1/thumb/v7e-m/nofp/libgcc.a(_arm_unorddf2.o)
                0x10016c10                __aeabi_dcmpun
                0x10016c10                __unorddf2
 .text          0x10016c3c       0x50 /nix/store/shci5ykbsfws7kcxpqnn2qqxfw761haw-gcc-arm-embedded-12.3.rel1/bin/../lib/gcc/arm-none-eabi/12.3.1/thumb/v7e-m/nofp/libgcc.a(_arm_fixdfsi.o)
                0x10016c3c                __fixdfsi
                0x10016c3c                __aeabi_d2iz
 .text          0x10016c8c       0x30 /nix/store/shci5ykbsfws7kcxpqnn2qqxfw761haw-gcc-arm-embedded-12.3.rel1/bin/../lib/gcc/arm-none-eabi/12.3.1/thumb/v7e-m/nofp/libgcc.a(_aeabi_uldivmod.o)
                0x10016c8c                __aeabi_uldivmod
 .text.__udivmoddi4
                0x10016cbc      0x2bc /nix/store/shci5ykbsfws7kcxpqnn2qqxfw761haw-gcc-arm-embedded-12.3.rel1/bin/../lib/gcc/arm-none-eabi/12.3.1/thumb/v7e-m/nofp/libgcc.a(_udivmoddi4.o)
                0x10016cbc                __udivmoddi4
 .text          0x10016f78        0x4 /nix/store/shci5ykbsfws7kcxpqnn2qqxfw761haw-gcc-arm-embedded-12.3.rel1/bin/../lib/gcc/arm-none-eabi/12.3.1/thumb/v7e-m/nofp/libgcc.a(_dvmd_tls.o)
                0x10016f78                __aeabi_ldiv0
                0x10016f78                __aeabi_idiv0
 *(.rodata*)
 .rodata.WriteData.str1.4
                0x10016f7c        0xc /home/bon/Documents/mock-team-black/application_processor/build/i2c_controller.o
 .rodata.main.str1.4
                0x10016f88       0x3b /home/bon/Documents/mock-team-black/application_processor/build/main.o
 *fill*         0x10016fc3        0x1 
 .rodata.num_leds
                0x10016fc4        0x4 /home/bon/Documents/mock-team-black/application_processor/build/board.o
                0x10016fc4                num_leds
 .rodata.led_pin
                0x10016fc8       0x24 /home/bon/Documents/mock-team-black/application_processor/build/board.o
                0x10016fc8                led_pin
 .rodata.num_pbs
                0x10016fec        0x4 /home/bon/Documents/mock-team-black/application_processor/build/board.o
                0x10016fec                num_pbs
 .rodata.pb_pin
                0x10016ff0       0x18 /home/bon/Documents/mock-team-black/application_processor/build/board.o
                0x10016ff0                pb_pin
 .rodata.gpio_cfg_uart3
                0x10017008        0xc /home/bon/Documents/mock-team-black/msdk/Libraries/PeriphDrivers/bin/MAX78000/softfp/libPeriphDriver_softfp.a(pins_ai85.o)
                0x10017008                gpio_cfg_uart3
 .rodata.gpio_cfg_uart2
                0x10017014        0xc /home/bon/Documents/mock-team-black/msdk/Libraries/PeriphDrivers/bin/MAX78000/softfp/libPeriphDriver_softfp.a(pins_ai85.o)
                0x10017014                gpio_cfg_uart2
 .rodata.gpio_cfg_uart1
                0x10017020        0xc /home/bon/Documents/mock-team-black/msdk/Libraries/PeriphDrivers/bin/MAX78000/softfp/libPeriphDriver_softfp.a(pins_ai85.o)
                0x10017020                gpio_cfg_uart1
 .rodata.gpio_cfg_uart0
                0x1001702c        0xc /home/bon/Documents/mock-team-black/msdk/Libraries/PeriphDrivers/bin/MAX78000/softfp/libPeriphDriver_softfp.a(pins_ai85.o)
                0x1001702c                gpio_cfg_uart0
 .rodata.gpio_cfg_i2c2
                0x10017038        0xc /home/bon/Documents/mock-team-black/msdk/Libraries/PeriphDrivers/bin/MAX78000/softfp/libPeriphDriver_softfp.a(pins_ai85.o)
                0x10017038                gpio_cfg_i2c2
 .rodata.gpio_cfg_i2c1
                0x10017044        0xc /home/bon/Documents/mock-team-black/msdk/Libraries/PeriphDrivers/bin/MAX78000/softfp/libPeriphDriver_softfp.a(pins_ai85.o)
                0x10017044                gpio_cfg_i2c1
 .rodata.gpio_cfg_i2c0
                0x10017050        0xc /home/bon/Documents/mock-team-black/msdk/Libraries/PeriphDrivers/bin/MAX78000/softfp/libPeriphDriver_softfp.a(pins_ai85.o)
                0x10017050                gpio_cfg_i2c0
 .rodata.gpio_cfg_extclk
                0x1001705c        0xc /home/bon/Documents/mock-team-black/msdk/Libraries/PeriphDrivers/bin/MAX78000/softfp/libPeriphDriver_softfp.a(pins_ai85.o)
                0x1001705c                gpio_cfg_extclk
 .rodata.CSWTCH.16
                0x10017068       0x10 /home/bon/Documents/mock-team-black/msdk/Libraries/PeriphDrivers/bin/MAX78000/softfp/libPeriphDriver_softfp.a(gpio_common.o)
 .rodata._vfprintf_r.str1.4
                0x10017078       0x42 /nix/store/shci5ykbsfws7kcxpqnn2qqxfw761haw-gcc-arm-embedded-12.3.rel1/bin/../lib/gcc/arm-none-eabi/12.3.1/../../../../arm-none-eabi/lib/thumb/v7e-m/nofp/libc.a(libc_a-vfprintf.o)
 *fill*         0x100170ba        0x2 
 .rodata.zeroes.0
                0x100170bc       0x10 /nix/store/shci5ykbsfws7kcxpqnn2qqxfw761haw-gcc-arm-embedded-12.3.rel1/bin/../lib/gcc/arm-none-eabi/12.3.1/../../../../arm-none-eabi/lib/thumb/v7e-m/nofp/libc.a(libc_a-vfprintf.o)
 .rodata.blanks.1
                0x100170cc       0x10 /nix/store/shci5ykbsfws7kcxpqnn2qqxfw761haw-gcc-arm-embedded-12.3.rel1/bin/../lib/gcc/arm-none-eabi/12.3.1/../../../../arm-none-eabi/lib/thumb/v7e-m/nofp/libc.a(libc_a-vfprintf.o)
 .rodata._vfiprintf_r.str1.4
                0x100170dc       0x2f /nix/store/shci5ykbsfws7kcxpqnn2qqxfw761haw-gcc-arm-embedded-12.3.rel1/bin/../lib/gcc/arm-none-eabi/12.3.1/../../../../arm-none-eabi/lib/thumb/v7e-m/nofp/libc.a(libc_a-vfiprintf.o)
 .rodata.zeroes.0
                0x100170dc       0x10 /nix/store/shci5ykbsfws7kcxpqnn2qqxfw761haw-gcc-arm-embedded-12.3.rel1/bin/../lib/gcc/arm-none-eabi/12.3.1/../../../../arm-none-eabi/lib/thumb/v7e-m/nofp/libc.a(libc_a-vfiprintf.o)
 .rodata.blanks.1
                0x100170ec       0x10 /nix/store/shci5ykbsfws7kcxpqnn2qqxfw761haw-gcc-arm-embedded-12.3.rel1/bin/../lib/gcc/arm-none-eabi/12.3.1/../../../../arm-none-eabi/lib/thumb/v7e-m/nofp/libc.a(libc_a-vfiprintf.o)
 .rodata.str1.4
                0x100170fc       0x48 /nix/store/shci5ykbsfws7kcxpqnn2qqxfw761haw-gcc-arm-embedded-12.3.rel1/bin/../lib/gcc/arm-none-eabi/12.3.1/../../../../arm-none-eabi/lib/thumb/v7e-m/nofp/libc.a(libc_a-locale.o)
                                 0x4c (size before relaxing)
 .rodata._dtoa_r.str1.4
                0x10017144       0x7d /nix/store/shci5ykbsfws7kcxpqnn2qqxfw761haw-gcc-arm-embedded-12.3.rel1/bin/../lib/gcc/arm-none-eabi/12.3.1/../../../../arm-none-eabi/lib/thumb/v7e-m/nofp/libc.a(libc_a-dtoa.o)
                                 0x81 (size before relaxing)
 *fill*         0x100171c1        0x3 
 .rodata._ctype_
                0x100171c4      0x101 /nix/store/shci5ykbsfws7kcxpqnn2qqxfw761haw-gcc-arm-embedded-12.3.rel1/bin/../lib/gcc/arm-none-eabi/12.3.1/../../../../arm-none-eabi/lib/thumb/v7e-m/nofp/libc.a(libc_a-ctype_.o)
                0x100171c4                _ctype_
 *fill*         0x100172c5        0x3 
 .rodata.__assert_func.str1.4
                0x100172c8       0x3f /nix/store/shci5ykbsfws7kcxpqnn2qqxfw761haw-gcc-arm-embedded-12.3.rel1/bin/../lib/gcc/arm-none-eabi/12.3.1/../../../../arm-none-eabi/lib/thumb/v7e-m/nofp/libc.a(libc_a-assert.o)
                                 0x43 (size before relaxing)
 *fill*         0x10017307        0x1 
 .rodata.__multadd.str1.4
                0x10017308       0x5a /nix/store/shci5ykbsfws7kcxpqnn2qqxfw761haw-gcc-arm-embedded-12.3.rel1/bin/../lib/gcc/arm-none-eabi/12.3.1/../../../../arm-none-eabi/lib/thumb/v7e-m/nofp/libc.a(libc_a-mprec.o)
                                 0x6e (size before relaxing)
 *fill*         0x10017362        0x2 
 .rodata.p05.0  0x10017364        0xc /nix/store/shci5ykbsfws7kcxpqnn2qqxfw761haw-gcc-arm-embedded-12.3.rel1/bin/../lib/gcc/arm-none-eabi/12.3.1/../../../../arm-none-eabi/lib/thumb/v7e-m/nofp/libc.a(libc_a-mprec.o)
 .rodata.__mprec_bigtens
                0x10017370       0x28 /nix/store/shci5ykbsfws7kcxpqnn2qqxfw761haw-gcc-arm-embedded-12.3.rel1/bin/../lib/gcc/arm-none-eabi/12.3.1/../../../../arm-none-eabi/lib/thumb/v7e-m/nofp/libc.a(libc_a-mprec.o)
                0x10017370                __mprec_bigtens
 .rodata.__mprec_tens
                0x10017398       0xc8 /nix/store/shci5ykbsfws7kcxpqnn2qqxfw761haw-gcc-arm-embedded-12.3.rel1/bin/../lib/gcc/arm-none-eabi/12.3.1/../../../../arm-none-eabi/lib/thumb/v7e-m/nofp/libc.a(libc_a-mprec.o)
                0x10017398                __mprec_tens
 *(.init)
 .init          0x10017460        0x4 /nix/store/shci5ykbsfws7kcxpqnn2qqxfw761haw-gcc-arm-embedded-12.3.rel1/bin/../lib/gcc/arm-none-eabi/12.3.1/thumb/v7e-m/nofp/crti.o
                0x10017460                _init
 .init          0x10017464        0x8 /nix/store/shci5ykbsfws7kcxpqnn2qqxfw761haw-gcc-arm-embedded-12.3.rel1/bin/../lib/gcc/arm-none-eabi/12.3.1/thumb/v7e-m/nofp/crtn.o
 *(.fini)
 .fini          0x1001746c        0x4 /nix/store/shci5ykbsfws7kcxpqnn2qqxfw761haw-gcc-arm-embedded-12.3.rel1/bin/../lib/gcc/arm-none-eabi/12.3.1/thumb/v7e-m/nofp/crti.o
                0x1001746c                _fini
 .fini          0x10017470        0x8 /nix/store/shci5ykbsfws7kcxpqnn2qqxfw761haw-gcc-arm-embedded-12.3.rel1/bin/../lib/gcc/arm-none-eabi/12.3.1/thumb/v7e-m/nofp/crtn.o
 *(.eh_frame*)
 .eh_frame      0x10017478        0x0 /nix/store/shci5ykbsfws7kcxpqnn2qqxfw761haw-gcc-arm-embedded-12.3.rel1/bin/../lib/gcc/arm-none-eabi/12.3.1/thumb/v7e-m/nofp/crtbegin.o
 .eh_frame      0x10017478       0x2c /nix/store/shci5ykbsfws7kcxpqnn2qqxfw761haw-gcc-arm-embedded-12.3.rel1/bin/../lib/gcc/arm-none-eabi/12.3.1/../../../../arm-none-eabi/lib/thumb/v7e-m/nofp/libc.a(libc_a-memcpy.o)
 .eh_frame      0x100174a4       0x34 /nix/store/shci5ykbsfws7kcxpqnn2qqxfw761haw-gcc-arm-embedded-12.3.rel1/bin/../lib/gcc/arm-none-eabi/12.3.1/../../../../arm-none-eabi/lib/thumb/v7e-m/nofp/libc.a(libc_a-strlen.o)
 .eh_frame      0x100174d8       0x50 /nix/store/shci5ykbsfws7kcxpqnn2qqxfw761haw-gcc-arm-embedded-12.3.rel1/bin/../lib/gcc/arm-none-eabi/12.3.1/../../../../arm-none-eabi/lib/thumb/v7e-m/nofp/libc.a(libc_a-memchr.o)
 .eh_frame      0x10017528        0x4 /nix/store/shci5ykbsfws7kcxpqnn2qqxfw761haw-gcc-arm-embedded-12.3.rel1/bin/../lib/gcc/arm-none-eabi/12.3.1/thumb/v7e-m/nofp/crtend.o
                0x1001752c                        _etext = .

.glue_7         0x1001752c        0x0
 .glue_7        0x1001752c        0x0 linker stubs

.glue_7t        0x1001752c        0x0
 .glue_7t       0x1001752c        0x0 linker stubs

.vfp11_veneer   0x1001752c        0x0
 .vfp11_veneer  0x1001752c        0x0 linker stubs

.v4_bx          0x1001752c        0x0
 .v4_bx         0x1001752c        0x0 linker stubs

.iplt           0x1001752c        0x0
 .iplt          0x1001752c        0x0 /nix/store/shci5ykbsfws7kcxpqnn2qqxfw761haw-gcc-arm-embedded-12.3.rel1/bin/../lib/gcc/arm-none-eabi/12.3.1/thumb/v7e-m/nofp/crtbegin.o

.bin_storage    0x1001752c        0x0
 FILL mask 0xff
                0x1001752c                        _bin_start_ = .
 *(.bin_storage_img)
                0x1001752c                        _bin_end_ = .
                0x1001752c                        . = ALIGN (0x4)

.rom_code       0x00000000        0x0
                0x00000000                        . = ALIGN (0x10)
                0x20000000                        _sran_code = .
 *(.rom_code_section)
                0x20000000                        _esran_code = .

.flash_code     0x1001752c        0x4
                0x10017530                        . = ALIGN (0x10)
 *fill*         0x1001752c        0x4 
                0x20000000                        _sran_code = .
 *(.flash_code_section)
                0x20000000                        _esran_code = .

.sram_code      0x20000000        0x0
                0x20000000                        . = ALIGN (0x10)
                0x20000000                        _sran_code = .
 *(.sram_code_section)
                0x20000000                        _esran_code = .

.ARM.exidx      0x10017530        0x8
                0x10017530                        __exidx_start = .
 *(.ARM.exidx*)
 .ARM.exidx     0x10017530        0x8 /nix/store/shci5ykbsfws7kcxpqnn2qqxfw761haw-gcc-arm-embedded-12.3.rel1/bin/../lib/gcc/arm-none-eabi/12.3.1/../../../../arm-none-eabi/lib/thumb/v7e-m/nofp/libc.a(libc_a-memcpy.o)
 .ARM.exidx     0x10017538        0x0 /nix/store/shci5ykbsfws7kcxpqnn2qqxfw761haw-gcc-arm-embedded-12.3.rel1/bin/../lib/gcc/arm-none-eabi/12.3.1/../../../../arm-none-eabi/lib/thumb/v7e-m/nofp/libc.a(libc_a-strlen.o)
                                  0x8 (size before relaxing)
 .ARM.exidx     0x10017538        0x0 /nix/store/shci5ykbsfws7kcxpqnn2qqxfw761haw-gcc-arm-embedded-12.3.rel1/bin/../lib/gcc/arm-none-eabi/12.3.1/../../../../arm-none-eabi/lib/thumb/v7e-m/nofp/libc.a(libc_a-memchr.o)
                                  0x8 (size before relaxing)
 .ARM.exidx.text.__udivmoddi4
                0x10017538        0x0 /nix/store/shci5ykbsfws7kcxpqnn2qqxfw761haw-gcc-arm-embedded-12.3.rel1/bin/../lib/gcc/arm-none-eabi/12.3.1/thumb/v7e-m/nofp/libgcc.a(_udivmoddi4.o)
                                  0x8 (size before relaxing)
                0x10017538                        __exidx_end = .

.rel.dyn        0x10017538        0x0
 .rel.iplt      0x10017538        0x0 /nix/store/shci5ykbsfws7kcxpqnn2qqxfw761haw-gcc-arm-embedded-12.3.rel1/bin/../lib/gcc/arm-none-eabi/12.3.1/thumb/v7e-m/nofp/crtbegin.o

.data           0x20000000      0x6c4 load address 0x10017538
                0x20000000                        _data = ALIGN (., 0x4)
 *(.data*)
 .data.ConsoleUart
                0x20000000        0x4 /home/bon/Documents/mock-team-black/application_processor/build/board.o
                0x20000000                ConsoleUart
 .data.overflows
                0x20000004        0x4 /home/bon/Documents/mock-team-black/msdk/Libraries/PeriphDrivers/bin/MAX78000/softfp/libPeriphDriver_softfp.a(mxc_delay.o)
 .data.__malloc_sbrk_base
                0x20000008        0x4 /nix/store/shci5ykbsfws7kcxpqnn2qqxfw761haw-gcc-arm-embedded-12.3.rel1/bin/../lib/gcc/arm-none-eabi/12.3.1/../../../../arm-none-eabi/lib/thumb/v7e-m/nofp/libc.a(libc_a-mallocr.o)
                0x20000008                __malloc_sbrk_base
 .data.__malloc_trim_threshold
                0x2000000c        0x4 /nix/store/shci5ykbsfws7kcxpqnn2qqxfw761haw-gcc-arm-embedded-12.3.rel1/bin/../lib/gcc/arm-none-eabi/12.3.1/../../../../arm-none-eabi/lib/thumb/v7e-m/nofp/libc.a(libc_a-mallocr.o)
                0x2000000c                __malloc_trim_threshold
 .data.__malloc_av_
                0x20000010      0x408 /nix/store/shci5ykbsfws7kcxpqnn2qqxfw761haw-gcc-arm-embedded-12.3.rel1/bin/../lib/gcc/arm-none-eabi/12.3.1/../../../../arm-none-eabi/lib/thumb/v7e-m/nofp/libc.a(libc_a-mallocr.o)
                0x20000010                __malloc_av_
 .data.__atexit_recursive_mutex
                0x20000418        0x4 /nix/store/shci5ykbsfws7kcxpqnn2qqxfw761haw-gcc-arm-embedded-12.3.rel1/bin/../lib/gcc/arm-none-eabi/12.3.1/../../../../arm-none-eabi/lib/thumb/v7e-m/nofp/libc.a(libc_a-__call_atexit.o)
                0x20000418                __atexit_recursive_mutex
 .data._impure_ptr
                0x2000041c        0x4 /nix/store/shci5ykbsfws7kcxpqnn2qqxfw761haw-gcc-arm-embedded-12.3.rel1/bin/../lib/gcc/arm-none-eabi/12.3.1/../../../../arm-none-eabi/lib/thumb/v7e-m/nofp/libc.a(libc_a-impure.o)
                0x2000041c                _impure_ptr
 .data._impure_data
                0x20000420      0x120 /nix/store/shci5ykbsfws7kcxpqnn2qqxfw761haw-gcc-arm-embedded-12.3.rel1/bin/../lib/gcc/arm-none-eabi/12.3.1/../../../../arm-none-eabi/lib/thumb/v7e-m/nofp/libc.a(libc_a-impure.o)
                0x20000420                _impure_data
 .data.__sglue  0x20000540        0xc /nix/store/shci5ykbsfws7kcxpqnn2qqxfw761haw-gcc-arm-embedded-12.3.rel1/bin/../lib/gcc/arm-none-eabi/12.3.1/../../../../arm-none-eabi/lib/thumb/v7e-m/nofp/libc.a(libc_a-findfp.o)
                0x20000540                __sglue
 .data.__global_locale
                0x2000054c      0x16c /nix/store/shci5ykbsfws7kcxpqnn2qqxfw761haw-gcc-arm-embedded-12.3.rel1/bin/../lib/gcc/arm-none-eabi/12.3.1/../../../../arm-none-eabi/lib/thumb/v7e-m/nofp/libc.a(libc_a-locale.o)
                0x2000054c                __global_locale
 *(.flashprog*)
                0x200006b8                        . = ALIGN (0x4)
                0x200006b8                        PROVIDE (__preinit_array_start = .)
 *(.preinit_array)
                0x200006b8                        PROVIDE (__preinit_array_end = .)
                0x200006b8                        . = ALIGN (0x4)
                0x200006b8                        PROVIDE (__init_array_start = .)
 *(SORT_BY_NAME(.init_array.*))
 .init_array.00000
                0x200006b8        0x4 /nix/store/shci5ykbsfws7kcxpqnn2qqxfw761haw-gcc-arm-embedded-12.3.rel1/bin/../lib/gcc/arm-none-eabi/12.3.1/../../../../arm-none-eabi/lib/thumb/v7e-m/nofp/libc.a(libc_a-__call_atexit.o)
 *(.init_array)
 .init_array    0x200006bc        0x4 /nix/store/shci5ykbsfws7kcxpqnn2qqxfw761haw-gcc-arm-embedded-12.3.rel1/bin/../lib/gcc/arm-none-eabi/12.3.1/thumb/v7e-m/nofp/crtbegin.o
                0x200006c0                        PROVIDE (__init_array_end = .)
                0x200006c0                        . = ALIGN (0x4)
                0x200006c0                        PROVIDE (__fini_array_start = .)
 *(SORT_BY_NAME(.fini_array.*))
 *(.fini_array)
 .fini_array    0x200006c0        0x4 /nix/store/shci5ykbsfws7kcxpqnn2qqxfw761haw-gcc-arm-embedded-12.3.rel1/bin/../lib/gcc/arm-none-eabi/12.3.1/thumb/v7e-m/nofp/crtbegin.o
                0x200006c4                        PROVIDE (__fini_array_end = .)
                0x200006c4                        _edata = ALIGN (., 0x4)
                0x10017538                        __load_data = LOADADDR (.data)

.tm_clone_table
                0x200006c4        0x0 load address 0x10017bfc
 .tm_clone_table
                0x200006c4        0x0 /nix/store/shci5ykbsfws7kcxpqnn2qqxfw761haw-gcc-arm-embedded-12.3.rel1/bin/../lib/gcc/arm-none-eabi/12.3.1/thumb/v7e-m/nofp/crtbegin.o
 .tm_clone_table
                0x200006c4        0x0 /nix/store/shci5ykbsfws7kcxpqnn2qqxfw761haw-gcc-arm-embedded-12.3.rel1/bin/../lib/gcc/arm-none-eabi/12.3.1/thumb/v7e-m/nofp/crtend.o

.igot.plt       0x200006c4        0x0 load address 0x10017bfc
 .igot.plt      0x200006c4        0x0 /nix/store/shci5ykbsfws7kcxpqnn2qqxfw761haw-gcc-arm-embedded-12.3.rel1/bin/../lib/gcc/arm-none-eabi/12.3.1/thumb/v7e-m/nofp/crtbegin.o

.bss            0x200006c8      0x790 load address 0x10017bfc
                0x200006c8                        . = ALIGN (0x4)
                0x200006c8                        _bss = .
 *(.bss*)
 .bss.completed.1
                0x200006c8        0x1 /nix/store/shci5ykbsfws7kcxpqnn2qqxfw761haw-gcc-arm-embedded-12.3.rel1/bin/../lib/gcc/arm-none-eabi/12.3.1/thumb/v7e-m/nofp/crtbegin.o
 *fill*         0x200006c9        0x3 
 .bss.object.0  0x200006cc       0x18 /nix/store/shci5ykbsfws7kcxpqnn2qqxfw761haw-gcc-arm-embedded-12.3.rel1/bin/../lib/gcc/arm-none-eabi/12.3.1/thumb/v7e-m/nofp/crtbegin.o
 .bss.heap_end  0x200006e4        0x4 /home/bon/Documents/mock-team-black/application_processor/build/heap.o
 .bss.cbFunc    0x200006e8        0x4 /home/bon/Documents/mock-team-black/msdk/Libraries/PeriphDrivers/bin/MAX78000/softfp/libPeriphDriver_softfp.a(mxc_delay.o)
 .bss.ctrl_save
                0x200006ec        0x4 /home/bon/Documents/mock-team-black/msdk/Libraries/PeriphDrivers/bin/MAX78000/softfp/libPeriphDriver_softfp.a(mxc_delay.o)
 .bss.endtick   0x200006f0        0x4 /home/bon/Documents/mock-team-black/msdk/Libraries/PeriphDrivers/bin/MAX78000/softfp/libPeriphDriver_softfp.a(mxc_delay.o)
 *fill*         0x200006f4        0x4 
 .bss.states    0x200006f8       0x48 /home/bon/Documents/mock-team-black/msdk/Libraries/PeriphDrivers/bin/MAX78000/softfp/libPeriphDriver_softfp.a(i2c_reva.o)
 .bss.initialized
                0x20000740        0x1 /home/bon/Documents/mock-team-black/msdk/Libraries/PeriphDrivers/bin/MAX78000/softfp/libPeriphDriver_softfp.a(gpio_common.o)
 *fill*         0x20000741        0x3 
 .bss.cbparam   0x20000744      0x200 /home/bon/Documents/mock-team-black/msdk/Libraries/PeriphDrivers/bin/MAX78000/softfp/libPeriphDriver_softfp.a(gpio_common.o)
 .bss.callback  0x20000944      0x200 /home/bon/Documents/mock-team-black/msdk/Libraries/PeriphDrivers/bin/MAX78000/softfp/libPeriphDriver_softfp.a(gpio_common.o)
 .bss.__malloc_current_mallinfo
                0x20000b44       0x28 /nix/store/shci5ykbsfws7kcxpqnn2qqxfw761haw-gcc-arm-embedded-12.3.rel1/bin/../lib/gcc/arm-none-eabi/12.3.1/../../../../arm-none-eabi/lib/thumb/v7e-m/nofp/libc.a(libc_a-mallocr.o)
                0x20000b44                __malloc_current_mallinfo
 .bss.__malloc_max_total_mem
                0x20000b6c        0x4 /nix/store/shci5ykbsfws7kcxpqnn2qqxfw761haw-gcc-arm-embedded-12.3.rel1/bin/../lib/gcc/arm-none-eabi/12.3.1/../../../../arm-none-eabi/lib/thumb/v7e-m/nofp/libc.a(libc_a-mallocr.o)
                0x20000b6c                __malloc_max_total_mem
 .bss.__malloc_max_sbrked_mem
                0x20000b70        0x4 /nix/store/shci5ykbsfws7kcxpqnn2qqxfw761haw-gcc-arm-embedded-12.3.rel1/bin/../lib/gcc/arm-none-eabi/12.3.1/../../../../arm-none-eabi/lib/thumb/v7e-m/nofp/libc.a(libc_a-mallocr.o)
                0x20000b70                __malloc_max_sbrked_mem
 .bss.__malloc_top_pad
                0x20000b74        0x4 /nix/store/shci5ykbsfws7kcxpqnn2qqxfw761haw-gcc-arm-embedded-12.3.rel1/bin/../lib/gcc/arm-none-eabi/12.3.1/../../../../arm-none-eabi/lib/thumb/v7e-m/nofp/libc.a(libc_a-mallocr.o)
                0x20000b74                __malloc_top_pad
 .bss.__atexit  0x20000b78        0x4 /nix/store/shci5ykbsfws7kcxpqnn2qqxfw761haw-gcc-arm-embedded-12.3.rel1/bin/../lib/gcc/arm-none-eabi/12.3.1/../../../../arm-none-eabi/lib/thumb/v7e-m/nofp/libc.a(libc_a-__call_atexit.o)
                0x20000b78                __atexit
 .bss.__lock___malloc_recursive_mutex
                0x20000b7c        0x1 /nix/store/shci5ykbsfws7kcxpqnn2qqxfw761haw-gcc-arm-embedded-12.3.rel1/bin/../lib/gcc/arm-none-eabi/12.3.1/../../../../arm-none-eabi/lib/thumb/v7e-m/nofp/libc.a(libc_a-lock.o)
                0x20000b7c                __lock___malloc_recursive_mutex
 *fill*         0x20000b7d        0x3 
 .bss.__lock___atexit_recursive_mutex
                0x20000b80        0x1 /nix/store/shci5ykbsfws7kcxpqnn2qqxfw761haw-gcc-arm-embedded-12.3.rel1/bin/../lib/gcc/arm-none-eabi/12.3.1/../../../../arm-none-eabi/lib/thumb/v7e-m/nofp/libc.a(libc_a-lock.o)
                0x20000b80                __lock___atexit_recursive_mutex
 *fill*         0x20000b81        0x3 
 .bss.__lock___sfp_recursive_mutex
                0x20000b84        0x1 /nix/store/shci5ykbsfws7kcxpqnn2qqxfw761haw-gcc-arm-embedded-12.3.rel1/bin/../lib/gcc/arm-none-eabi/12.3.1/../../../../arm-none-eabi/lib/thumb/v7e-m/nofp/libc.a(libc_a-lock.o)
                0x20000b84                __lock___sfp_recursive_mutex
 *fill*         0x20000b85        0x3 
 .bss.__sf      0x20000b88      0x138 /nix/store/shci5ykbsfws7kcxpqnn2qqxfw761haw-gcc-arm-embedded-12.3.rel1/bin/../lib/gcc/arm-none-eabi/12.3.1/../../../../arm-none-eabi/lib/thumb/v7e-m/nofp/libc.a(libc_a-findfp.o)
                0x20000b88                __sf
 .bss.__stdio_exit_handler
                0x20000cc0        0x4 /nix/store/shci5ykbsfws7kcxpqnn2qqxfw761haw-gcc-arm-embedded-12.3.rel1/bin/../lib/gcc/arm-none-eabi/12.3.1/../../../../arm-none-eabi/lib/thumb/v7e-m/nofp/libc.a(libc_a-findfp.o)
                0x20000cc0                __stdio_exit_handler
 .bss.__atexit0
                0x20000cc4      0x190 /nix/store/shci5ykbsfws7kcxpqnn2qqxfw761haw-gcc-arm-embedded-12.3.rel1/bin/../lib/gcc/arm-none-eabi/12.3.1/../../../../arm-none-eabi/lib/thumb/v7e-m/nofp/libc.a(libc_a-__atexit.o)
                0x20000cc4                __atexit0
 .bss.errno     0x20000e54        0x4 /nix/store/shci5ykbsfws7kcxpqnn2qqxfw761haw-gcc-arm-embedded-12.3.rel1/bin/../lib/gcc/arm-none-eabi/12.3.1/../../../../arm-none-eabi/lib/thumb/v7e-m/nofp/libc.a(libc_a-reent.o)
                0x20000e54                errno
 *(COMMON)
                0x20000e58                        _ebss = ALIGN (., 0x4)

.shared         0x20000e58        0x4 load address 0x10017bfc
                0x20000e58                        . = ALIGN (0x4)
                0x20000e58                        _shared = .
 *(.mailbox*)
                0x20000e58                        . = ALIGN (0x4)
 *(.shared*)
 .shared        0x20000e58        0x4 /home/bon/Documents/mock-team-black/application_processor/build/system_max78000.o
                0x20000e58                SystemCoreClock
                0x20000e5c                        _eshared = ALIGN (., 0x4)
                0x10017bfc                        __shared_data = LOADADDR (.shared)
                0x20020000                        __StackTop = (ORIGIN (SRAM) + LENGTH (SRAM))
                0x2001f000                        __StackLimit = (__StackTop - SIZEOF (.stack_dummy))

.stack_dummy    0x20000e60     0x1000 load address 0x10017c00
 *(.stack*)
 .stack         0x20000e60     0x1000 /home/bon/Documents/mock-team-black/application_processor/build/startup_firmware.o

.heap           0x20000e60      0xc00 load address 0x10017c00
                0x20000e60                        . = ALIGN (0x4)
 *(.heap*)
 .heap          0x20000e60      0xc00 /home/bon/Documents/mock-team-black/application_processor/build/startup_firmware.o
                0x20000e60                __HeapBase
                0x2001f000                        __HeapLimit = ABSOLUTE (__StackLimit)
                0x20020000                        PROVIDE (__stack = __StackTop)
                0x00000001                        ASSERT ((__StackLimit >= _ebss), region RAM overflowed with stack)
OUTPUT(/home/bon/Documents/mock-team-black/application_processor/build/max78000.elf elf32-littlearm)
LOAD linker stubs

.ARM.attributes
                0x00000000       0x2a
 .ARM.attributes
                0x00000000       0x1e /nix/store/shci5ykbsfws7kcxpqnn2qqxfw761haw-gcc-arm-embedded-12.3.rel1/bin/../lib/gcc/arm-none-eabi/12.3.1/thumb/v7e-m/nofp/crti.o
 .ARM.attributes
                0x0000001e       0x2e /nix/store/shci5ykbsfws7kcxpqnn2qqxfw761haw-gcc-arm-embedded-12.3.rel1/bin/../lib/gcc/arm-none-eabi/12.3.1/thumb/v7e-m/nofp/crtbegin.o
 .ARM.attributes
                0x0000004c       0x2e /home/bon/Documents/mock-team-black/application_processor/build/i2c_controller.o
 .ARM.attributes
                0x0000007a       0x2e /home/bon/Documents/mock-team-black/application_processor/build/main.o
 .ARM.attributes
                0x000000a8       0x2e /home/bon/Documents/mock-team-black/application_processor/build/board.o
 .ARM.attributes
                0x000000d6       0x2e /home/bon/Documents/mock-team-black/application_processor/build/stdio.o
 .ARM.attributes
                0x00000104       0x2e /home/bon/Documents/mock-team-black/application_processor/build/led.o
 .ARM.attributes
                0x00000132       0x2e /home/bon/Documents/mock-team-black/application_processor/build/pb.o
 .ARM.attributes
                0x00000160       0x1b /home/bon/Documents/mock-team-black/application_processor/build/startup_firmware.o
 .ARM.attributes
                0x0000017b       0x2e /home/bon/Documents/mock-team-black/application_processor/build/heap.o
 .ARM.attributes
                0x000001a9       0x2e /home/bon/Documents/mock-team-black/application_processor/build/system_max78000.o
 .ARM.attributes
                0x000001d7       0x2e /home/bon/Documents/mock-team-black/msdk/Libraries/PeriphDrivers/bin/MAX78000/softfp/libPeriphDriver_softfp.a(mxc_delay.o)
 .ARM.attributes
                0x00000205       0x2e /home/bon/Documents/mock-team-black/msdk/Libraries/PeriphDrivers/bin/MAX78000/softfp/libPeriphDriver_softfp.a(pins_ai85.o)
 .ARM.attributes
                0x00000233       0x2e /home/bon/Documents/mock-team-black/msdk/Libraries/PeriphDrivers/bin/MAX78000/softfp/libPeriphDriver_softfp.a(sys_ai85.o)
 .ARM.attributes
                0x00000261       0x2e /home/bon/Documents/mock-team-black/msdk/Libraries/PeriphDrivers/bin/MAX78000/softfp/libPeriphDriver_softfp.a(gpio_ai85.o)
 .ARM.attributes
                0x0000028f       0x2e /home/bon/Documents/mock-team-black/msdk/Libraries/PeriphDrivers/bin/MAX78000/softfp/libPeriphDriver_softfp.a(gpio_reva.o)
 .ARM.attributes
                0x000002bd       0x2e /home/bon/Documents/mock-team-black/msdk/Libraries/PeriphDrivers/bin/MAX78000/softfp/libPeriphDriver_softfp.a(i2c_me17.o)
 .ARM.attributes
                0x000002eb       0x2e /home/bon/Documents/mock-team-black/msdk/Libraries/PeriphDrivers/bin/MAX78000/softfp/libPeriphDriver_softfp.a(i2c_reva.o)
 .ARM.attributes
                0x00000319       0x2e /home/bon/Documents/mock-team-black/msdk/Libraries/PeriphDrivers/bin/MAX78000/softfp/libPeriphDriver_softfp.a(icc_me17.o)
 .ARM.attributes
                0x00000347       0x2e /home/bon/Documents/mock-team-black/msdk/Libraries/PeriphDrivers/bin/MAX78000/softfp/libPeriphDriver_softfp.a(icc_reva.o)
 .ARM.attributes
                0x00000375       0x2e /home/bon/Documents/mock-team-black/msdk/Libraries/PeriphDrivers/bin/MAX78000/softfp/libPeriphDriver_softfp.a(uart_ai85.o)
 .ARM.attributes
                0x000003a3       0x2e /home/bon/Documents/mock-team-black/msdk/Libraries/PeriphDrivers/bin/MAX78000/softfp/libPeriphDriver_softfp.a(uart_common.o)
 .ARM.attributes
                0x000003d1       0x2e /home/bon/Documents/mock-team-black/msdk/Libraries/PeriphDrivers/bin/MAX78000/softfp/libPeriphDriver_softfp.a(uart_revb.o)
 .ARM.attributes
                0x000003ff       0x2e /home/bon/Documents/mock-team-black/msdk/Libraries/PeriphDrivers/bin/MAX78000/softfp/libPeriphDriver_softfp.a(gpio_common.o)
 .ARM.attributes
                0x0000042d       0x2e /nix/store/shci5ykbsfws7kcxpqnn2qqxfw761haw-gcc-arm-embedded-12.3.rel1/bin/../lib/gcc/arm-none-eabi/12.3.1/../../../../arm-none-eabi/lib/thumb/v7e-m/nofp/libc.a(libc_a-errno.o)
 .ARM.attributes
                0x0000045b       0x2e /nix/store/shci5ykbsfws7kcxpqnn2qqxfw761haw-gcc-arm-embedded-12.3.rel1/bin/../lib/gcc/arm-none-eabi/12.3.1/../../../../arm-none-eabi/lib/thumb/v7e-m/nofp/libc.a(libc_a-mallocr.o)
 .ARM.attributes